Archive member included to satisfy reference by file (symbol)

c:/program files (x86)/atollic/truestudio for stm32 9.3.0/armtools/bin/../lib/gcc/arm-atollic-eabi/6.3.1/../../../../arm-atollic-eabi/lib/armv7e-m/fpu\libc_nano.a(lib_a-errno.o)
                              Src\syscalls.o (__errno)
c:/program files (x86)/atollic/truestudio for stm32 9.3.0/armtools/bin/../lib/gcc/arm-atollic-eabi/6.3.1/../../../../arm-atollic-eabi/lib/armv7e-m/fpu\libc_nano.a(lib_a-impure.o)
                              c:/program files (x86)/atollic/truestudio for stm32 9.3.0/armtools/bin/../lib/gcc/arm-atollic-eabi/6.3.1/../../../../arm-atollic-eabi/lib/armv7e-m/fpu\libc_nano.a(lib_a-errno.o) (_impure_ptr)
c:/program files (x86)/atollic/truestudio for stm32 9.3.0/armtools/bin/../lib/gcc/arm-atollic-eabi/6.3.1/../../../../arm-atollic-eabi/lib/armv7e-m/fpu\libc_nano.a(lib_a-init.o)
                              startup\startup_stm32f407xx.o (__libc_init_array)
c:/program files (x86)/atollic/truestudio for stm32 9.3.0/armtools/bin/../lib/gcc/arm-atollic-eabi/6.3.1/../../../../arm-atollic-eabi/lib/armv7e-m/fpu\libc_nano.a(lib_a-malloc.o)
                              Middlewares\ST\STM32_USB_Host_Library\Class\CDC\Src\usbh_cdc.o (malloc)
c:/program files (x86)/atollic/truestudio for stm32 9.3.0/armtools/bin/../lib/gcc/arm-atollic-eabi/6.3.1/../../../../arm-atollic-eabi/lib/armv7e-m/fpu\libc_nano.a(lib_a-memcpy-stub.o)
                              Middlewares\Third_Party\FreeRTOS\Source\queue.o (memcpy)
c:/program files (x86)/atollic/truestudio for stm32 9.3.0/armtools/bin/../lib/gcc/arm-atollic-eabi/6.3.1/../../../../arm-atollic-eabi/lib/armv7e-m/fpu\libc_nano.a(lib_a-memset.o)
                              Middlewares\Third_Party\FreeRTOS\Source\stream_buffer.o (memset)
c:/program files (x86)/atollic/truestudio for stm32 9.3.0/armtools/bin/../lib/gcc/arm-atollic-eabi/6.3.1/../../../../arm-atollic-eabi/lib/armv7e-m/fpu\libc_nano.a(lib_a-nano-freer.o)
                              c:/program files (x86)/atollic/truestudio for stm32 9.3.0/armtools/bin/../lib/gcc/arm-atollic-eabi/6.3.1/../../../../arm-atollic-eabi/lib/armv7e-m/fpu\libc_nano.a(lib_a-malloc.o) (_free_r)
c:/program files (x86)/atollic/truestudio for stm32 9.3.0/armtools/bin/../lib/gcc/arm-atollic-eabi/6.3.1/../../../../arm-atollic-eabi/lib/armv7e-m/fpu\libc_nano.a(lib_a-nano-mallocr.o)
                              c:/program files (x86)/atollic/truestudio for stm32 9.3.0/armtools/bin/../lib/gcc/arm-atollic-eabi/6.3.1/../../../../arm-atollic-eabi/lib/armv7e-m/fpu\libc_nano.a(lib_a-malloc.o) (_malloc_r)
c:/program files (x86)/atollic/truestudio for stm32 9.3.0/armtools/bin/../lib/gcc/arm-atollic-eabi/6.3.1/../../../../arm-atollic-eabi/lib/armv7e-m/fpu\libc_nano.a(lib_a-sbrkr.o)
                              c:/program files (x86)/atollic/truestudio for stm32 9.3.0/armtools/bin/../lib/gcc/arm-atollic-eabi/6.3.1/../../../../arm-atollic-eabi/lib/armv7e-m/fpu\libc_nano.a(lib_a-nano-mallocr.o) (_sbrk_r)
c:/program files (x86)/atollic/truestudio for stm32 9.3.0/armtools/bin/../lib/gcc/arm-atollic-eabi/6.3.1/../../../../arm-atollic-eabi/lib/armv7e-m/fpu\libc_nano.a(lib_a-sprintf.o)
                              Src\main.o (sprintf)
c:/program files (x86)/atollic/truestudio for stm32 9.3.0/armtools/bin/../lib/gcc/arm-atollic-eabi/6.3.1/../../../../arm-atollic-eabi/lib/armv7e-m/fpu\libc_nano.a(lib_a-strcpy.o)
                              Src\main.o (strcpy)
c:/program files (x86)/atollic/truestudio for stm32 9.3.0/armtools/bin/../lib/gcc/arm-atollic-eabi/6.3.1/../../../../arm-atollic-eabi/lib/armv7e-m/fpu\libc_nano.a(lib_a-strlen.o)
                              Src\main.o (strlen)
c:/program files (x86)/atollic/truestudio for stm32 9.3.0/armtools/bin/../lib/gcc/arm-atollic-eabi/6.3.1/../../../../arm-atollic-eabi/lib/armv7e-m/fpu\libc_nano.a(lib_a-mlock.o)
                              c:/program files (x86)/atollic/truestudio for stm32 9.3.0/armtools/bin/../lib/gcc/arm-atollic-eabi/6.3.1/../../../../arm-atollic-eabi/lib/armv7e-m/fpu\libc_nano.a(lib_a-nano-freer.o) (__malloc_lock)
c:/program files (x86)/atollic/truestudio for stm32 9.3.0/armtools/bin/../lib/gcc/arm-atollic-eabi/6.3.1/../../../../arm-atollic-eabi/lib/armv7e-m/fpu\libc_nano.a(lib_a-nano-svfprintf.o)
                              c:/program files (x86)/atollic/truestudio for stm32 9.3.0/armtools/bin/../lib/gcc/arm-atollic-eabi/6.3.1/../../../../arm-atollic-eabi/lib/armv7e-m/fpu\libc_nano.a(lib_a-sprintf.o) (_svfprintf_r)
c:/program files (x86)/atollic/truestudio for stm32 9.3.0/armtools/bin/../lib/gcc/arm-atollic-eabi/6.3.1/../../../../arm-atollic-eabi/lib/armv7e-m/fpu\libc_nano.a(lib_a-nano-vfprintf_i.o)
                              c:/program files (x86)/atollic/truestudio for stm32 9.3.0/armtools/bin/../lib/gcc/arm-atollic-eabi/6.3.1/../../../../arm-atollic-eabi/lib/armv7e-m/fpu\libc_nano.a(lib_a-nano-svfprintf.o) (_printf_i)
[...]
Memory Configuration

Name             Origin             Length             Attributes
FLASH            0x08000000         0x00100000         xr
RAM              0x20000000         0x00020000         xrw
MEMORY_B1        0x60000000         0x00000000         xr
CCMRAM           0x10000000         0x00010000         rw
*default*        0x00000000         0xffffffff

Linker script and memory map

LOAD c:/program files (x86)/atollic/truestudio for stm32 9.3.0/armtools/bin/../lib/gcc/arm-atollic-eabi/6.3.1/armv7e-m/fpu/crti.o
LOAD c:/program files (x86)/atollic/truestudio for stm32 9.3.0/armtools/bin/../lib/gcc/arm-atollic-eabi/6.3.1/armv7e-m/fpu/crtbegin.o
LOAD Drivers\STM32F4xx_HAL_Driver\Src\stm32f4xx_hal.o
LOAD Drivers\STM32F4xx_HAL_Driver\Src\stm32f4xx_hal_cortex.o
LOAD Drivers\STM32F4xx_HAL_Driver\Src\stm32f4xx_hal_dma.o
LOAD Drivers\STM32F4xx_HAL_Driver\Src\stm32f4xx_hal_dma_ex.o
LOAD Drivers\STM32F4xx_HAL_Driver\Src\stm32f4xx_hal_exti.o
LOAD Drivers\STM32F4xx_HAL_Driver\Src\stm32f4xx_hal_flash.o
LOAD Drivers\STM32F4xx_HAL_Driver\Src\stm32f4xx_hal_flash_ex.o
LOAD Drivers\STM32F4xx_HAL_Driver\Src\stm32f4xx_hal_flash_ramfunc.o
LOAD Drivers\STM32F4xx_HAL_Driver\Src\stm32f4xx_hal_gpio.o
LOAD Drivers\STM32F4xx_HAL_Driver\Src\stm32f4xx_hal_hcd.o
LOAD Drivers\STM32F4xx_HAL_Driver\Src\stm32f4xx_hal_i2c.o
LOAD Drivers\STM32F4xx_HAL_Driver\Src\stm32f4xx_hal_i2c_ex.o
LOAD Drivers\STM32F4xx_HAL_Driver\Src\stm32f4xx_hal_i2s.o
LOAD Drivers\STM32F4xx_HAL_Driver\Src\stm32f4xx_hal_i2s_ex.o
LOAD Drivers\STM32F4xx_HAL_Driver\Src\stm32f4xx_hal_pwr.o
LOAD Drivers\STM32F4xx_HAL_Driver\Src\stm32f4xx_hal_pwr_ex.o
LOAD Drivers\STM32F4xx_HAL_Driver\Src\stm32f4xx_hal_rcc.o
LOAD Drivers\STM32F4xx_HAL_Driver\Src\stm32f4xx_hal_rcc_ex.o
LOAD Drivers\STM32F4xx_HAL_Driver\Src\stm32f4xx_hal_spi.o
LOAD Drivers\STM32F4xx_HAL_Driver\Src\stm32f4xx_hal_tim.o
LOAD Drivers\STM32F4xx_HAL_Driver\Src\stm32f4xx_hal_tim_ex.o
LOAD Drivers\STM32F4xx_HAL_Driver\Src\stm32f4xx_hal_uart.o
LOAD Drivers\STM32F4xx_HAL_Driver\Src\stm32f4xx_ll_usb.o
LOAD Middlewares\ST\STM32_USB_Host_Library\Class\CDC\Src\usbh_cdc.o
LOAD Middlewares\ST\STM32_USB_Host_Library\Core\Src\usbh_core.o
LOAD Middlewares\ST\STM32_USB_Host_Library\Core\Src\usbh_ctlreq.o
LOAD Middlewares\ST\STM32_USB_Host_Library\Core\Src\usbh_ioreq.o
LOAD Middlewares\ST\STM32_USB_Host_Library\Core\Src\usbh_pipes.o
LOAD Middlewares\Third_Party\FreeRTOS\Source\CMSIS_RTOS\cmsis_os.o
LOAD Middlewares\Third_Party\FreeRTOS\Source\croutine.o
LOAD Middlewares\Third_Party\FreeRTOS\Source\event_groups.o
LOAD Middlewares\Third_Party\FreeRTOS\Source\list.o
LOAD Middlewares\Third_Party\FreeRTOS\Source\portable\GCC\ARM_CM4F\port.o
LOAD Middlewares\Third_Party\FreeRTOS\Source\portable\MemMang\heap_4.o
LOAD Middlewares\Third_Party\FreeRTOS\Source\queue.o
LOAD Middlewares\Third_Party\FreeRTOS\Source\stream_buffer.o
LOAD Middlewares\Third_Party\FreeRTOS\Source\tasks.o
LOAD Middlewares\Third_Party\FreeRTOS\Source\timers.o
LOAD Src\freertos.o
LOAD Src\main.o
LOAD Src\stm32f4xx_hal_msp.o
LOAD Src\stm32f4xx_hal_timebase_tim.o
LOAD Src\stm32f4xx_it.o
LOAD Src\syscalls.o
LOAD Src\system_stm32f4xx.o
LOAD Src\usb_host.o
LOAD Src\usbh_conf.o
LOAD Src\usbh_platform.o
LOAD startup\startup_stm32f407xx.o
                0x00000080                malloc_getpagesize_P = 0x80
START GROUP
LOAD c:/program files (x86)/atollic/truestudio for stm32 9.3.0/armtools/bin/../lib/gcc/arm-atollic-eabi/6.3.1/../../../../arm-atollic-eabi/lib/armv7e-m/fpu\libc_nano.a
LOAD c:/program files (x86)/atollic/truestudio for stm32 9.3.0/armtools/bin/../lib/gcc/arm-atollic-eabi/6.3.1/../../../../arm-atollic-eabi/lib/armv7e-m/fpu\libm.a
END GROUP
START GROUP
LOAD c:/program files (x86)/atollic/truestudio for stm32 9.3.0/armtools/bin/../lib/gcc/arm-atollic-eabi/6.3.1/armv7e-m/fpu\libgcc.a
LOAD c:/program files (x86)/atollic/truestudio for stm32 9.3.0/armtools/bin/../lib/gcc/arm-atollic-eabi/6.3.1/../../../../arm-atollic-eabi/lib/armv7e-m/fpu\libc_nano.a
END GROUP
START GROUP
LOAD c:/program files (x86)/atollic/truestudio for stm32 9.3.0/armtools/bin/../lib/gcc/arm-atollic-eabi/6.3.1/armv7e-m/fpu\libgcc.a
LOAD c:/program files (x86)/atollic/truestudio for stm32 9.3.0/armtools/bin/../lib/gcc/arm-atollic-eabi/6.3.1/../../../../arm-atollic-eabi/lib/armv7e-m/fpu\libc_nano.a
LOAD c:/program files (x86)/atollic/truestudio for stm32 9.3.0/armtools/bin/../lib/gcc/arm-atollic-eabi/6.3.1/../../../../arm-atollic-eabi/lib/armv7e-m/fpu\libnosys.a
END GROUP
START GROUP
LOAD c:/program files (x86)/atollic/truestudio for stm32 9.3.0/armtools/bin/../lib/gcc/arm-atollic-eabi/6.3.1/armv7e-m/fpu\libgcc.a
LOAD c:/program files (x86)/atollic/truestudio for stm32 9.3.0/armtools/bin/../lib/gcc/arm-atollic-eabi/6.3.1/../../../../arm-atollic-eabi/lib/armv7e-m/fpu\libc_nano.a
LOAD c:/program files (x86)/atollic/truestudio for stm32 9.3.0/armtools/bin/../lib/gcc/arm-atollic-eabi/6.3.1/../../../../arm-atollic-eabi/lib/armv7e-m/fpu\libnosys.a
END GROUP
LOAD c:/program files (x86)/atollic/truestudio for stm32 9.3.0/armtools/bin/../lib/gcc/arm-atollic-eabi/6.3.1/armv7e-m/fpu/crtend.o
LOAD c:/program files (x86)/atollic/truestudio for stm32 9.3.0/armtools/bin/../lib/gcc/arm-atollic-eabi/6.3.1/armv7e-m/fpu/crtn.o
                0x20020000                _estack = 0x20020000
                0x00000000                _Min_Heap_Size = 0x0
                0x00000400                _Min_Stack_Size = 0x400

.isr_vector     0x08000000      0x188
                0x08000000                . = ALIGN (0x4)
 *(.isr_vector)
 .isr_vector    0x08000000      0x188 startup\startup_stm32f407xx.o
                0x08000000                g_pfnVectors
                0x08000188                . = ALIGN (0x4)

.text           0x08000190     0x643c
                0x08000190                . = ALIGN (0x4)
 *(.text)
 .text          0x08000190       0x40 c:/program files (x86)/atollic/truestudio for stm32 9.3.0/armtools/bin/../lib/gcc/arm-atollic-eabi/6.3.1/armv7e-m/fpu/crtbegin.o
 .text          0x080001d0       0x10 c:/program files (x86)/atollic/truestudio for stm32 9.3.0/armtools/bin/../lib/gcc/arm-atollic-eabi/6.3.1/../../../../arm-atollic-eabi/lib/armv7e-m/fpu\libc_nano.a(lib_a-strlen.o)
                0x080001d0                strlen
 .text          0x080001e0       0xa0 c:/program files (x86)/atollic/truestudio for stm32 9.3.0/armtools/bin/../lib/gcc/arm-atollic-eabi/6.3.1/../../../../arm-atollic-eabi/lib/armv7e-m/fpu\libc_nano.a(lib_a-memchr.o)
                0x080001e0                memchr
 .text          0x08000280       0x30 c:/program files (x86)/atollic/truestudio for stm32 9.3.0/armtools/bin/../lib/gcc/arm-atollic-eabi/6.3.1/armv7e-m/fpu\libgcc.a(_aeabi_uldivmod.o)
                0x08000280                __aeabi_uldivmod
 .text          0x080002b0      0x2dc c:/program files (x86)/atollic/truestudio for stm32 9.3.0/armtools/bin/../lib/gcc/arm-atollic-eabi/6.3.1/armv7e-m/fpu\libgcc.a(_udivmoddi4.o)
                0x080002b0                __udivmoddi4
 .text          0x0800058c        0x4 c:/program files (x86)/atollic/truestudio for stm32 9.3.0/armtools/bin/../lib/gcc/arm-atollic-eabi/6.3.1/armv7e-m/fpu\libgcc.a(_dvmd_tls.o)
                0x0800058c                __aeabi_idiv0
                0x0800058c                __aeabi_ldiv0
 *(.text*)
 .text.HAL_Init
                0x08000590       0x34 Drivers\STM32F4xx_HAL_Driver\Src\stm32f4xx_hal.o
                0x08000590                HAL_Init
 .text.HAL_IncTick
                0x080005c4       0x18 Drivers\STM32F4xx_HAL_Driver\Src\stm32f4xx_hal.o
                0x080005c4                HAL_IncTick
 .text.HAL_GetTick
                0x080005dc        0xc Drivers\STM32F4xx_HAL_Driver\Src\stm32f4xx_hal.o
                0x080005dc                HAL_GetTick
 .text.HAL_Delay
                0x080005e8       0x28 Drivers\STM32F4xx_HAL_Driver\Src\stm32f4xx_hal.o
                0x080005e8                HAL_Delay
 .text.HAL_NVIC_SetPriorityGrouping
                0x08000610       0x24 Drivers\STM32F4xx_HAL_Driver\Src\stm32f4xx_hal_cortex.o
                0x08000610                HAL_NVIC_SetPriorityGrouping
 .text.HAL_NVIC_SetPriority
                0x08000634       0x68 Drivers\STM32F4xx_HAL_Driver\Src\stm32f4xx_hal_cortex.o
                0x08000634                HAL_NVIC_SetPriority
 .text.HAL_NVIC_EnableIRQ
                0x0800069c       0x1c Drivers\STM32F4xx_HAL_Driver\Src\stm32f4xx_hal_cortex.o
                0x0800069c                HAL_NVIC_EnableIRQ
 .text.HAL_GPIO_Init
                0x080006b8      0x1c0 Drivers\STM32F4xx_HAL_Driver\Src\stm32f4xx_hal_gpio.o
                0x080006b8                HAL_GPIO_Init
 .text.HAL_GPIO_ReadPin
                0x08000878        0xc Drivers\STM32F4xx_HAL_Driver\Src\stm32f4xx_hal_gpio.o
                0x08000878                HAL_GPIO_ReadPin
 .text.HAL_GPIO_WritePin
                0x08000884        0xa Drivers\STM32F4xx_HAL_Driver\Src\stm32f4xx_hal_gpio.o
                0x08000884                HAL_GPIO_WritePin
 .text.HAL_HCD_HC_Init
                0x0800088e       0x70 Drivers\STM32F4xx_HAL_Driver\Src\stm32f4xx_hal_hcd.o
                0x0800088e                HAL_HCD_HC_Init
 .text.HAL_HCD_HC_Halt
                0x080008fe       0x24 Drivers\STM32F4xx_HAL_Driver\Src\stm32f4xx_hal_hcd.o
                0x080008fe                HAL_HCD_HC_Halt
 .text.HAL_HCD_Init
                0x08000922       0x94 Drivers\STM32F4xx_HAL_Driver\Src\stm32f4xx_hal_hcd.o
                0x08000922                HAL_HCD_Init
 *fill*         0x080009b6        0x2 
 .text.HAL_HCD_HC_SubmitRequest
                0x080009b8       0xc4 Drivers\STM32F4xx_HAL_Driver\Src\stm32f4xx_hal_hcd.o
                0x080009b8                HAL_HCD_HC_SubmitRequest
 .text.HAL_HCD_IRQHandler
                0x08000a7c      0x638 Drivers\STM32F4xx_HAL_Driver\Src\stm32f4xx_hal_hcd.o
                0x08000a7c                HAL_HCD_IRQHandler
 .text.HAL_HCD_Start
                0x080010b4       0x2c Drivers\STM32F4xx_HAL_Driver\Src\stm32f4xx_hal_hcd.o
                0x080010b4                HAL_HCD_Start
 .text.HAL_HCD_Stop
                0x080010e0       0x24 Drivers\STM32F4xx_HAL_Driver\Src\stm32f4xx_hal_hcd.o
                0x080010e0                HAL_HCD_Stop
 .text.HAL_HCD_ResetPort
                0x08001104        0x6 Drivers\STM32F4xx_HAL_Driver\Src\stm32f4xx_hal_hcd.o
                0x08001104                HAL_HCD_ResetPort
 .text.HAL_HCD_HC_GetURBState
                0x0800110a        0xc Drivers\STM32F4xx_HAL_Driver\Src\stm32f4xx_hal_hcd.o
                0x0800110a                HAL_HCD_HC_GetURBState
 .text.HAL_HCD_HC_GetXferCount
                0x08001116        0xa Drivers\STM32F4xx_HAL_Driver\Src\stm32f4xx_hal_hcd.o
                0x08001116                HAL_HCD_HC_GetXferCount
 .text.HAL_HCD_GetCurrentFrame
                0x08001120        0x6 Drivers\STM32F4xx_HAL_Driver\Src\stm32f4xx_hal_hcd.o
                0x08001120                HAL_HCD_GetCurrentFrame
 .text.HAL_HCD_GetCurrentSpeed
                0x08001126        0x6 Drivers\STM32F4xx_HAL_Driver\Src\stm32f4xx_hal_hcd.o
                0x08001126                HAL_HCD_GetCurrentSpeed
 .text.HAL_I2C_Init
                0x0800112c      0x158 Drivers\STM32F4xx_HAL_Driver\Src\stm32f4xx_hal_i2c.o
                0x0800112c                HAL_I2C_Init
 .text.HAL_I2S_Init
                0x08001284      0x130 Drivers\STM32F4xx_HAL_Driver\Src\stm32f4xx_hal_i2s.o
                0x08001284                HAL_I2S_Init
 .text.HAL_I2S_TxCpltCallback
                0x080013b4        0x2 Drivers\STM32F4xx_HAL_Driver\Src\stm32f4xx_hal_i2s.o
                0x080013b4                HAL_I2S_TxCpltCallback
 .text.HAL_I2S_RxCpltCallback
                0x080013b6        0x2 Drivers\STM32F4xx_HAL_Driver\Src\stm32f4xx_hal_i2s.o
                0x080013b6                HAL_I2S_RxCpltCallback
 .text.HAL_I2S_ErrorCallback
                0x080013b8        0x2 Drivers\STM32F4xx_HAL_Driver\Src\stm32f4xx_hal_i2s.o
                0x080013b8                HAL_I2S_ErrorCallback
 .text.I2S_IRQHandler
                0x080013ba       0xfa Drivers\STM32F4xx_HAL_Driver\Src\stm32f4xx_hal_i2s.o
 .text.HAL_I2SEx_TxRxCpltCallback
                0x080014b4        0x2 Drivers\STM32F4xx_HAL_Driver\Src\stm32f4xx_hal_i2s_ex.o
                0x080014b4                HAL_I2SEx_TxRxCpltCallback
 *fill*         0x080014b6        0x2 
 .text.HAL_I2SEx_FullDuplex_IRQHandler
                0x080014b8      0x23c Drivers\STM32F4xx_HAL_Driver\Src\stm32f4xx_hal_i2s_ex.o
                0x080014b8                HAL_I2SEx_FullDuplex_IRQHandler
 .text.HAL_RCC_OscConfig
                0x080016f4      0x34c Drivers\STM32F4xx_HAL_Driver\Src\stm32f4xx_hal_rcc.o
                0x080016f4                HAL_RCC_OscConfig
 .text.HAL_RCC_GetSysClockFreq
                0x08001a40       0x5c Drivers\STM32F4xx_HAL_Driver\Src\stm32f4xx_hal_rcc.o
                0x08001a40                HAL_RCC_GetSysClockFreq
 .text.HAL_RCC_ClockConfig
                0x08001a9c      0x138 Drivers\STM32F4xx_HAL_Driver\Src\stm32f4xx_hal_rcc.o
                0x08001a9c                HAL_RCC_ClockConfig
 .text.HAL_RCC_GetPCLK1Freq
                0x08001bd4       0x20 Drivers\STM32F4xx_HAL_Driver\Src\stm32f4xx_hal_rcc.o
                0x08001bd4                HAL_RCC_GetPCLK1Freq
 .text.HAL_RCC_GetPCLK2Freq
                0x08001bf4       0x20 Drivers\STM32F4xx_HAL_Driver\Src\stm32f4xx_hal_rcc.o
                0x08001bf4                HAL_RCC_GetPCLK2Freq
 .text.HAL_RCC_GetClockConfig
                0x08001c14       0x3c Drivers\STM32F4xx_HAL_Driver\Src\stm32f4xx_hal_rcc.o
                0x08001c14                HAL_RCC_GetClockConfig
 .text.HAL_RCCEx_PeriphCLKConfig
                0x08001c50      0x130 Drivers\STM32F4xx_HAL_Driver\Src\stm32f4xx_hal_rcc_ex.o
                0x08001c50                HAL_RCCEx_PeriphCLKConfig
 .text.HAL_RCCEx_GetPeriphCLKFreq
                0x08001d80       0x5c Drivers\STM32F4xx_HAL_Driver\Src\stm32f4xx_hal_rcc_ex.o
                0x08001d80                HAL_RCCEx_GetPeriphCLKFreq
 .text.HAL_SPI_Init
                0x08001ddc       0x7a Drivers\STM32F4xx_HAL_Driver\Src\stm32f4xx_hal_spi.o
                0x08001ddc                HAL_SPI_Init
 .text.HAL_TIM_Base_Start
                0x08001e56       0x24 Drivers\STM32F4xx_HAL_Driver\Src\stm32f4xx_hal_tim.o
                0x08001e56                HAL_TIM_Base_Start
 .text.HAL_TIM_Base_Start_IT
                0x08001e7a       0x20 Drivers\STM32F4xx_HAL_Driver\Src\stm32f4xx_hal_tim.o
                0x08001e7a                HAL_TIM_Base_Start_IT
 .text.HAL_TIM_OC_DelayElapsedCallback
                0x08001e9a        0x2 Drivers\STM32F4xx_HAL_Driver\Src\stm32f4xx_hal_tim.o
                0x08001e9a                HAL_TIM_OC_DelayElapsedCallback
 .text.HAL_TIM_IC_CaptureCallback
                0x08001e9c        0x2 Drivers\STM32F4xx_HAL_Driver\Src\stm32f4xx_hal_tim.o
                0x08001e9c                HAL_TIM_IC_CaptureCallback
 .text.HAL_TIM_PWM_PulseFinishedCallback
                0x08001e9e        0x2 Drivers\STM32F4xx_HAL_Driver\Src\stm32f4xx_hal_tim.o
                0x08001e9e                HAL_TIM_PWM_PulseFinishedCallback
 .text.HAL_TIM_TriggerCallback
                0x08001ea0        0x2 Drivers\STM32F4xx_HAL_Driver\Src\stm32f4xx_hal_tim.o
                0x08001ea0                HAL_TIM_TriggerCallback
 .text.HAL_TIM_IRQHandler
                0x08001ea2      0x144 Drivers\STM32F4xx_HAL_Driver\Src\stm32f4xx_hal_tim.o
                0x08001ea2                HAL_TIM_IRQHandler
 *fill*         0x08001fe6        0x2 
 .text.TIM_Base_SetConfig
                0x08001fe8       0xcc Drivers\STM32F4xx_HAL_Driver\Src\stm32f4xx_hal_tim.o
                0x08001fe8                TIM_Base_SetConfig
 .text.HAL_TIM_Base_Init
                0x080020b4       0x34 Drivers\STM32F4xx_HAL_Driver\Src\stm32f4xx_hal_tim.o
                0x080020b4                HAL_TIM_Base_Init
 .text.TIM_ETR_SetConfig
                0x080020e8       0x14 Drivers\STM32F4xx_HAL_Driver\Src\stm32f4xx_hal_tim.o
                0x080020e8                TIM_ETR_SetConfig
 .text.HAL_TIM_ConfigClockSource
                0x080020fc      0x128 Drivers\STM32F4xx_HAL_Driver\Src\stm32f4xx_hal_tim.o
                0x080020fc                HAL_TIM_ConfigClockSource
 .text.HAL_TIMEx_MasterConfigSynchronization
                0x08002224       0x84 Drivers\STM32F4xx_HAL_Driver\Src\stm32f4xx_hal_tim_ex.o
                0x08002224                HAL_TIMEx_MasterConfigSynchronization
 .text.HAL_TIMEx_CommutCallback
                0x080022a8        0x2 Drivers\STM32F4xx_HAL_Driver\Src\stm32f4xx_hal_tim_ex.o
                0x080022a8                HAL_TIMEx_CommutCallback
 .text.HAL_TIMEx_BreakCallback
                0x080022aa        0x2 Drivers\STM32F4xx_HAL_Driver\Src\stm32f4xx_hal_tim_ex.o
                0x080022aa                HAL_TIMEx_BreakCallback
 .text.UART_SetConfig
                0x080022ac       0xdc Drivers\STM32F4xx_HAL_Driver\Src\stm32f4xx_hal_uart.o
 .text.UART_WaitOnFlagUntilTimeout.constprop.3
                0x08002388       0x50 Drivers\STM32F4xx_HAL_Driver\Src\stm32f4xx_hal_uart.o
 .text.HAL_UART_Init
                0x080023d8       0x5c Drivers\STM32F4xx_HAL_Driver\Src\stm32f4xx_hal_uart.o
                0x080023d8                HAL_UART_Init
 .text.HAL_UART_Transmit
                0x08002434       0xbe Drivers\STM32F4xx_HAL_Driver\Src\stm32f4xx_hal_uart.o
                0x08002434                HAL_UART_Transmit
 *fill*         0x080024f2        0x2 
 .text.USB_CoreReset
                0x080024f4       0x30 Drivers\STM32F4xx_HAL_Driver\Src\stm32f4xx_ll_usb.o
 .text.USB_CoreInit
                0x08002524       0x80 Drivers\STM32F4xx_HAL_Driver\Src\stm32f4xx_ll_usb.o
                0x08002524                USB_CoreInit
 .text.USB_EnableGlobalInt
                0x080025a4        0xc Drivers\STM32F4xx_HAL_Driver\Src\stm32f4xx_ll_usb.o
                0x080025a4                USB_EnableGlobalInt
 .text.USB_DisableGlobalInt
                0x080025b0        0xc Drivers\STM32F4xx_HAL_Driver\Src\stm32f4xx_ll_usb.o
                0x080025b0                USB_DisableGlobalInt
 .text.USB_SetCurrentMode
                0x080025bc       0x2e Drivers\STM32F4xx_HAL_Driver\Src\stm32f4xx_ll_usb.o
                0x080025bc                USB_SetCurrentMode
 *fill*         0x080025ea        0x2 
 .text.USB_FlushTxFifo
                0x080025ec       0x24 Drivers\STM32F4xx_HAL_Driver\Src\stm32f4xx_ll_usb.o
                0x080025ec                USB_FlushTxFifo
 .text.USB_FlushRxFifo
                0x08002610       0x20 Drivers\STM32F4xx_HAL_Driver\Src\stm32f4xx_ll_usb.o
                0x08002610                USB_FlushRxFifo
 .text.USB_WritePacket
                0x08002630       0x28 Drivers\STM32F4xx_HAL_Driver\Src\stm32f4xx_ll_usb.o
                0x08002630                USB_WritePacket
 .text.USB_ReadPacket
                0x08002658       0x1c Drivers\STM32F4xx_HAL_Driver\Src\stm32f4xx_ll_usb.o
                0x08002658                USB_ReadPacket
 .text.USB_ReadInterrupts
                0x08002674        0x8 Drivers\STM32F4xx_HAL_Driver\Src\stm32f4xx_ll_usb.o
                0x08002674                USB_ReadInterrupts
 .text.USB_GetMode
                0x0800267c        0x8 Drivers\STM32F4xx_HAL_Driver\Src\stm32f4xx_ll_usb.o
                0x0800267c                USB_GetMode
 .text.USB_InitFSLSPClkSel
                0x08002684       0x38 Drivers\STM32F4xx_HAL_Driver\Src\stm32f4xx_ll_usb.o
                0x08002684                USB_InitFSLSPClkSel
 .text.USB_ResetPort
                0x080026bc       0x3c Drivers\STM32F4xx_HAL_Driver\Src\stm32f4xx_ll_usb.o
                0x080026bc                USB_ResetPort
 .text.USB_DriveVbus
                0x080026f8       0x40 Drivers\STM32F4xx_HAL_Driver\Src\stm32f4xx_ll_usb.o
                0x080026f8                USB_DriveVbus
 .text.USB_HostInit
                0x08002738       0xe0 Drivers\STM32F4xx_HAL_Driver\Src\stm32f4xx_ll_usb.o
                0x08002738                USB_HostInit
 .text.USB_GetHostSpeed
                0x08002818       0x16 Drivers\STM32F4xx_HAL_Driver\Src\stm32f4xx_ll_usb.o
                0x08002818                USB_GetHostSpeed
 .text.USB_GetCurrentFrame
                0x0800282e        0xa Drivers\STM32F4xx_HAL_Driver\Src\stm32f4xx_ll_usb.o
                0x0800282e                USB_GetCurrentFrame
 .text.USB_HC_Init
                0x08002838      0x10a Drivers\STM32F4xx_HAL_Driver\Src\stm32f4xx_ll_usb.o
                0x08002838                USB_HC_Init
 .text.USB_HC_ReadInterrupt
                0x08002942        0xa Drivers\STM32F4xx_HAL_Driver\Src\stm32f4xx_ll_usb.o
                0x08002942                USB_HC_ReadInterrupt
 .text.USB_HC_Halt
                0x0800294c       0xa4 Drivers\STM32F4xx_HAL_Driver\Src\stm32f4xx_ll_usb.o
                0x0800294c                USB_HC_Halt
 .text.USB_DoPing
                0x080029f0       0x24 Drivers\STM32F4xx_HAL_Driver\Src\stm32f4xx_ll_usb.o
                0x080029f0                USB_DoPing
 .text.USB_HC_StartXfer
                0x08002a14      0x164 Drivers\STM32F4xx_HAL_Driver\Src\stm32f4xx_ll_usb.o
                0x08002a14                USB_HC_StartXfer
 .text.USB_StopHost
                0x08002b78       0x6c Drivers\STM32F4xx_HAL_Driver\Src\stm32f4xx_ll_usb.o
                0x08002b78                USB_StopHost
 .text.USBH_CDC_SOFProcess
                0x08002be4        0x4 Middlewares\ST\STM32_USB_Host_Library\Class\CDC\Src\usbh_cdc.o
 .text.USBH_CDC_InterfaceDeInit
                0x08002be8       0x62 Middlewares\ST\STM32_USB_Host_Library\Class\CDC\Src\usbh_cdc.o
 .text.USBH_CDC_InterfaceInit
                0x08002c4a      0x12a Middlewares\ST\STM32_USB_Host_Library\Class\CDC\Src\usbh_cdc.o
 .text.USBH_CDC_ClassRequest
                0x08002d74       0x34 Middlewares\ST\STM32_USB_Host_Library\Class\CDC\Src\usbh_cdc.o
 .text.USBH_CDC_TransmitCallback
                0x08002da8        0x2 Middlewares\ST\STM32_USB_Host_Library\Class\CDC\Src\usbh_cdc.o
                0x08002da8                USBH_CDC_TransmitCallback
 .text.USBH_CDC_ReceiveCallback
                0x08002daa        0x2 Middlewares\ST\STM32_USB_Host_Library\Class\CDC\Src\usbh_cdc.o
                0x08002daa                USBH_CDC_ReceiveCallback
 .text.USBH_CDC_LineCodingChanged
                0x08002dac        0x2 Middlewares\ST\STM32_USB_Host_Library\Class\CDC\Src\usbh_cdc.o
                0x08002dac                USBH_CDC_LineCodingChanged
 .text.USBH_CDC_Process
                0x08002dae      0x19c Middlewares\ST\STM32_USB_Host_Library\Class\CDC\Src\usbh_cdc.o
 .text.DeInitStateMachine
                0x08002f4a       0x44 Middlewares\ST\STM32_USB_Host_Library\Core\Src\usbh_core.o
 *fill*         0x08002f8e        0x2 
 .text.USBH_Init
                0x08002f90       0x6c Middlewares\ST\STM32_USB_Host_Library\Core\Src\usbh_core.o
                0x08002f90                USBH_Init
 .text.USBH_RegisterClass
                0x08002ffc       0x1a Middlewares\ST\STM32_USB_Host_Library\Core\Src\usbh_core.o
                0x08002ffc                USBH_RegisterClass
 .text.USBH_SelectInterface
                0x08003016       0x12 Middlewares\ST\STM32_USB_Host_Library\Core\Src\usbh_core.o
                0x08003016                USBH_SelectInterface
 .text.USBH_FindInterface
                0x08003028       0x3a Middlewares\ST\STM32_USB_Host_Library\Core\Src\usbh_core.o
                0x08003028                USBH_FindInterface
 .text.USBH_Start
                0x08003062       0x14 Middlewares\ST\STM32_USB_Host_Library\Core\Src\usbh_core.o
                0x08003062                USBH_Start
 .text.USBH_Process
                0x08003076      0x310 Middlewares\ST\STM32_USB_Host_Library\Core\Src\usbh_core.o
                0x08003076                USBH_Process
 .text.USBH_Process_OS
                0x08003386       0x20 Middlewares\ST\STM32_USB_Host_Library\Core\Src\usbh_core.o
 .text.USBH_LL_SetTimer
                0x080033a6        0x6 Middlewares\ST\STM32_USB_Host_Library\Core\Src\usbh_core.o
                0x080033a6                USBH_LL_SetTimer
 .text.USBH_LL_IncTimer
                0x080033ac       0x1c Middlewares\ST\STM32_USB_Host_Library\Core\Src\usbh_core.o
                0x080033ac                USBH_LL_IncTimer
 .text.USBH_LL_PortEnabled
                0x080033c8        0x8 Middlewares\ST\STM32_USB_Host_Library\Core\Src\usbh_core.o
                0x080033c8                USBH_LL_PortEnabled
 .text.USBH_LL_PortDisabled
                0x080033d0        0x8 Middlewares\ST\STM32_USB_Host_Library\Core\Src\usbh_core.o
                0x080033d0                USBH_LL_PortDisabled
 .text.USBH_LL_Connect
                0x080033d8       0x3a Middlewares\ST\STM32_USB_Host_Library\Core\Src\usbh_core.o
                0x080033d8                USBH_LL_Connect
 .text.USBH_LL_Disconnect
                0x08003412       0x48 Middlewares\ST\STM32_USB_Host_Library\Core\Src\usbh_core.o
                0x08003412                USBH_LL_Disconnect
 .text.USBH_LL_NotifyURBChange
                0x0800345a       0x16 Middlewares\ST\STM32_USB_Host_Library\Core\Src\usbh_core.o
                0x0800345a                USBH_LL_NotifyURBChange
 .text.USBH_CtlReq
                0x08003470      0x1b8 Middlewares\ST\STM32_USB_Host_Library\Core\Src\usbh_ctlreq.o
                0x08003470                USBH_CtlReq
 .text.USBH_GetDescriptor
                0x08003628       0x38 Middlewares\ST\STM32_USB_Host_Library\Core\Src\usbh_ctlreq.o
                0x08003628                USBH_GetDescriptor
 .text.USBH_Get_DevDesc
                0x08003660       0x90 Middlewares\ST\STM32_USB_Host_Library\Core\Src\usbh_ctlreq.o
                0x08003660                USBH_Get_DevDesc
 .text.USBH_Get_CfgDesc
                0x080036f0      0x11c Middlewares\ST\STM32_USB_Host_Library\Core\Src\usbh_ctlreq.o
                0x080036f0                USBH_Get_CfgDesc
 .text.USBH_Get_StringDesc
                0x0800380c       0x4e Middlewares\ST\STM32_USB_Host_Library\Core\Src\usbh_ctlreq.o
                0x0800380c                USBH_Get_StringDesc
 .text.USBH_SetAddress
                0x0800385a       0x1c Middlewares\ST\STM32_USB_Host_Library\Core\Src\usbh_ctlreq.o
                0x0800385a                USBH_SetAddress
 .text.USBH_SetCfg
                0x08003876       0x1c Middlewares\ST\STM32_USB_Host_Library\Core\Src\usbh_ctlreq.o
                0x08003876                USBH_SetCfg
 .text.USBH_SetFeature
                0x08003892       0x1c Middlewares\ST\STM32_USB_Host_Library\Core\Src\usbh_ctlreq.o
                0x08003892                USBH_SetFeature
 .text.USBH_ClrFeature
                0x080038ae       0x1c Middlewares\ST\STM32_USB_Host_Library\Core\Src\usbh_ctlreq.o
                0x080038ae                USBH_ClrFeature
 .text.USBH_CtlSendSetup
                0x080038ca       0x22 Middlewares\ST\STM32_USB_Host_Library\Core\Src\usbh_ioreq.o
                0x080038ca                USBH_CtlSendSetup
 .text.USBH_CtlSendData
                0x080038ec       0x2e Middlewares\ST\STM32_USB_Host_Library\Core\Src\usbh_ioreq.o
                0x080038ec                USBH_CtlSendData
 .text.USBH_CtlReceiveData
                0x0800391a       0x20 Middlewares\ST\STM32_USB_Host_Library\Core\Src\usbh_ioreq.o
                0x0800391a                USBH_CtlReceiveData
 .text.USBH_BulkSendData
                0x0800393a       0x2e Middlewares\ST\STM32_USB_Host_Library\Core\Src\usbh_ioreq.o
                0x0800393a                USBH_BulkSendData
 .text.USBH_BulkReceiveData
                0x08003968       0x20 Middlewares\ST\STM32_USB_Host_Library\Core\Src\usbh_ioreq.o
                0x08003968                USBH_BulkReceiveData
 .text.USBH_OpenPipe
                0x08003988       0x1e Middlewares\ST\STM32_USB_Host_Library\Core\Src\usbh_pipes.o
                0x08003988                USBH_OpenPipe
 .text.USBH_ClosePipe
                0x080039a6        0xa Middlewares\ST\STM32_USB_Host_Library\Core\Src\usbh_pipes.o
                0x080039a6                USBH_ClosePipe
 .text.USBH_AllocPipe
                0x080039b0       0x2e Middlewares\ST\STM32_USB_Host_Library\Core\Src\usbh_pipes.o
                0x080039b0                USBH_AllocPipe
 .text.USBH_FreePipe
                0x080039de       0x18 Middlewares\ST\STM32_USB_Host_Library\Core\Src\usbh_pipes.o
                0x080039de                USBH_FreePipe
 .text.osKernelStart
                0x080039f6        0xa Middlewares\Third_Party\FreeRTOS\Source\CMSIS_RTOS\cmsis_os.o
                0x080039f6                osKernelStart
 .text.osThreadCreate
                0x08003a00       0x50 Middlewares\Third_Party\FreeRTOS\Source\CMSIS_RTOS\cmsis_os.o
                0x08003a00                osThreadCreate
 .text.osDelay  0x08003a50       0x10 Middlewares\Third_Party\FreeRTOS\Source\CMSIS_RTOS\cmsis_os.o
                0x08003a50                osDelay
 .text.osMessageCreate
                0x08003a60       0x28 Middlewares\Third_Party\FreeRTOS\Source\CMSIS_RTOS\cmsis_os.o
                0x08003a60                osMessageCreate
 .text.osMessagePut
                0x08003a88       0x50 Middlewares\Third_Party\FreeRTOS\Source\CMSIS_RTOS\cmsis_os.o
                0x08003a88                osMessagePut
 .text.osMessageGet
                0x08003ad8       0x74 Middlewares\Third_Party\FreeRTOS\Source\CMSIS_RTOS\cmsis_os.o
                0x08003ad8                osMessageGet
 .text.vListInitialise
                0x08003b4c       0x16 Middlewares\Third_Party\FreeRTOS\Source\list.o
                0x08003b4c                vListInitialise
 .text.vListInitialiseItem
                0x08003b62        0x6 Middlewares\Third_Party\FreeRTOS\Source\list.o
                0x08003b62                vListInitialiseItem
 .text.vListInsertEnd
                0x08003b68       0x18 Middlewares\Third_Party\FreeRTOS\Source\list.o
                0x08003b68                vListInsertEnd
 .text.vListInsert
                0x08003b80       0x2e Middlewares\Third_Party\FreeRTOS\Source\list.o
                0x08003b80                vListInsert
 .text.uxListRemove
                0x08003bae       0x22 Middlewares\Third_Party\FreeRTOS\Source\list.o
                0x08003bae                uxListRemove
 .text.prvTaskExitError
                0x08003bd0       0x40 Middlewares\Third_Party\FreeRTOS\Source\portable\GCC\ARM_CM4F\port.o
 .text.unlikely.prvPortStartFirstTask
                0x08003c10       0x28 Middlewares\Third_Party\FreeRTOS\Source\portable\GCC\ARM_CM4F\port.o
 .text.unlikely.vPortEnableVFP
                0x08003c38       0x14 Middlewares\Third_Party\FreeRTOS\Source\portable\GCC\ARM_CM4F\port.o
 .text.pxPortInitialiseStack
                0x08003c4c       0x2c Middlewares\Third_Party\FreeRTOS\Source\portable\GCC\ARM_CM4F\port.o
                0x08003c4c                pxPortInitialiseStack
 *fill*         0x08003c78        0x8 
 .text.SVC_Handler
                0x08003c80       0x24 Middlewares\Third_Party\FreeRTOS\Source\portable\GCC\ARM_CM4F\port.o
                0x08003c80                SVC_Handler
 .text.vPortEnterCritical
                0x08003ca4       0x44 Middlewares\Third_Party\FreeRTOS\Source\portable\GCC\ARM_CM4F\port.o
                0x08003ca4                vPortEnterCritical
 .text.vPortExitCritical
                0x08003ce8       0x28 Middlewares\Third_Party\FreeRTOS\Source\portable\GCC\ARM_CM4F\port.o
                0x08003ce8                vPortExitCritical
 .text.PendSV_Handler
                0x08003d10       0x64 Middlewares\Third_Party\FreeRTOS\Source\portable\GCC\ARM_CM4F\port.o
                0x08003d10                PendSV_Handler
 .text.SysTick_Handler
                0x08003d74       0x2c Middlewares\Third_Party\FreeRTOS\Source\portable\GCC\ARM_CM4F\port.o
                0x08003d74                SysTick_Handler
 .text.vPortSetupTimerInterrupt
                0x08003da0       0x28 Middlewares\Third_Party\FreeRTOS\Source\portable\GCC\ARM_CM4F\port.o
                0x08003da0                vPortSetupTimerInterrupt
 .text.xPortStartScheduler
                0x08003dc8      0x10c Middlewares\Third_Party\FreeRTOS\Source\portable\GCC\ARM_CM4F\port.o
                0x08003dc8                xPortStartScheduler
 .text.vPortValidateInterruptPriority
                0x08003ed4       0x5c Middlewares\Third_Party\FreeRTOS\Source\portable\GCC\ARM_CM4F\port.o
                0x08003ed4                vPortValidateInterruptPriority
 .text.unlikely.prvInsertBlockIntoFreeList
                0x08003f30       0x48 Middlewares\Third_Party\FreeRTOS\Source\portable\MemMang\heap_4.o
 .text.pvPortMalloc
                0x08003f78      0x11c Middlewares\Third_Party\FreeRTOS\Source\portable\MemMang\heap_4.o
                0x08003f78                pvPortMalloc
 .text.vPortFree
                0x08004094       0x70 Middlewares\Third_Party\FreeRTOS\Source\portable\MemMang\heap_4.o
                0x08004094                vPortFree
 .text.prvIsQueueEmpty
                0x08004104       0x16 Middlewares\Third_Party\FreeRTOS\Source\queue.o
 .text.unlikely.prvCopyDataToQueue
                0x0800411a       0x66 Middlewares\Third_Party\FreeRTOS\Source\queue.o
 .text.unlikely.prvCopyDataFromQueue
                0x08004180       0x2a Middlewares\Third_Party\FreeRTOS\Source\queue.o
 .text.prvUnlockQueue
                0x080041aa       0x70 Middlewares\Third_Party\FreeRTOS\Source\queue.o
 *fill*         0x0800421a        0x2 
 .text.xQueueGenericReset
                0x0800421c       0x80 Middlewares\Third_Party\FreeRTOS\Source\queue.o
                0x0800421c                xQueueGenericReset
 .text.xQueueGenericCreateStatic
                0x0800429c       0x92 Middlewares\Third_Party\FreeRTOS\Source\queue.o
                0x0800429c                xQueueGenericCreateStatic
 .text.xQueueGenericCreate
                0x0800432e       0x48 Middlewares\Third_Party\FreeRTOS\Source\queue.o
                0x0800432e                xQueueGenericCreate
 *fill*         0x08004376        0x2 
 .text.xQueueGenericSend
                0x08004378      0x16c Middlewares\Third_Party\FreeRTOS\Source\queue.o
                0x08004378                xQueueGenericSend
 .text.xQueueGenericSendFromISR
                0x080044e4       0xc4 Middlewares\Third_Party\FreeRTOS\Source\queue.o
                0x080044e4                xQueueGenericSendFromISR
 .text.xQueueReceive
                0x080045a8      0x148 Middlewares\Third_Party\FreeRTOS\Source\queue.o
                0x080045a8                xQueueReceive
 .text.xQueueReceiveFromISR
                0x080046f0       0xa0 Middlewares\Third_Party\FreeRTOS\Source\queue.o
                0x080046f0                xQueueReceiveFromISR
 .text.prvAddNewTaskToReadyList
                0x08004790       0xf8 Middlewares\Third_Party\FreeRTOS\Source\tasks.o
 .text.prvResetNextTaskUnblockTime
                0x08004888       0x24 Middlewares\Third_Party\FreeRTOS\Source\tasks.o
 .text.prvInitialiseNewTask.isra.2
                0x080048ac       0x82 Middlewares\Third_Party\FreeRTOS\Source\tasks.o
 .text.prvDeleteTCB
                0x0800492e       0x36 Middlewares\Third_Party\FreeRTOS\Source\tasks.o
 .text.prvIdleTask
                0x08004964       0x64 Middlewares\Third_Party\FreeRTOS\Source\tasks.o
 .text.prvAddCurrentTaskToDelayedList
                0x080049c8       0x8c Middlewares\Third_Party\FreeRTOS\Source\tasks.o
 .text.xTaskCreateStatic
                0x08004a54       0x6e Middlewares\Third_Party\FreeRTOS\Source\tasks.o
                0x08004a54                xTaskCreateStatic
 .text.xTaskCreate
                0x08004ac2       0x5a Middlewares\Third_Party\FreeRTOS\Source\tasks.o
                0x08004ac2                xTaskCreate
 .text.vTaskStartScheduler
                0x08004b1c       0x6c Middlewares\Third_Party\FreeRTOS\Source\tasks.o
                0x08004b1c                vTaskStartScheduler
 .text.vTaskSuspendAll
                0x08004b88       0x10 Middlewares\Third_Party\FreeRTOS\Source\tasks.o
                0x08004b88                vTaskSuspendAll
 .text.xTaskIncrementTick
                0x08004b98      0x124 Middlewares\Third_Party\FreeRTOS\Source\tasks.o
                0x08004b98                xTaskIncrementTick
 .text.xTaskResumeAll
                0x08004cbc       0xf0 Middlewares\Third_Party\FreeRTOS\Source\tasks.o
                0x08004cbc                xTaskResumeAll
 .text.vTaskDelay
                0x08004dac       0x48 Middlewares\Third_Party\FreeRTOS\Source\tasks.o
                0x08004dac                vTaskDelay
 .text.vTaskSwitchContext
                0x08004df4       0x74 Middlewares\Third_Party\FreeRTOS\Source\tasks.o
                0x08004df4                vTaskSwitchContext
 .text.vTaskPlaceOnEventList
                0x08004e68       0x34 Middlewares\Third_Party\FreeRTOS\Source\tasks.o
                0x08004e68                vTaskPlaceOnEventList
 .text.xTaskRemoveFromEventList
                0x08004e9c       0x84 Middlewares\Third_Party\FreeRTOS\Source\tasks.o
                0x08004e9c                xTaskRemoveFromEventList
 .text.vTaskInternalSetTimeOutState
                0x08004f20       0x18 Middlewares\Third_Party\FreeRTOS\Source\tasks.o
                0x08004f20                vTaskInternalSetTimeOutState
 .text.xTaskCheckForTimeOut
                0x08004f38       0x78 Middlewares\Third_Party\FreeRTOS\Source\tasks.o
                0x08004f38                xTaskCheckForTimeOut
 .text.vTaskMissedYield
                0x08004fb0        0xc Middlewares\Third_Party\FreeRTOS\Source\tasks.o
                0x08004fb0                vTaskMissedYield
 .text.xTaskGetSchedulerState
                0x08004fbc       0x20 Middlewares\Third_Party\FreeRTOS\Source\tasks.o
                0x08004fbc                xTaskGetSchedulerState
 .text.xTaskPriorityDisinherit
                0x08004fdc       0xa0 Middlewares\Third_Party\FreeRTOS\Source\tasks.o
                0x08004fdc                xTaskPriorityDisinherit
 .text.vApplicationGetIdleTaskMemory
                0x0800507c       0x18 Src\freertos.o
                0x0800507c                vApplicationGetIdleTaskMemory
 .text.StartDefaultTask
                0x08005094        0xe Src\main.o
                0x08005094                StartDefaultTask
 .text.Set_Pin_Output
                0x080050a2       0x24 Src\main.o
                0x080050a2                Set_Pin_Output
 .text.Set_Pin_Input
                0x080050c6       0x24 Src\main.o
                0x080050c6                Set_Pin_Input
 *fill*         0x080050ea        0x2 
 .text.delay    0x080050ec       0x14 Src\main.o
                0x080050ec                delay
 .text.DHT11_Start
                0x08005100       0x48 Src\main.o
                0x08005100                DHT11_Start
 .text.DHT11_Check_Response
                0x08005148       0x48 Src\main.o
                0x08005148                DHT11_Check_Response
 .text.DHT11_Read
                0x08005190       0x54 Src\main.o
                0x08005190                DHT11_Read
 .text.StartTask02
                0x080051e4       0xd0 Src\main.o
                0x080051e4                StartTask02
 .text.SystemClock_Config
                0x080052b4       0xb4 Src\main.o
                0x080052b4                SystemClock_Config
 .text.startup.main
                0x08005368      0x2fc Src\main.o
                0x08005368                main
 .text.HAL_TIM_PeriodElapsedCallback
                0x08005664       0x14 Src\main.o
                0x08005664                HAL_TIM_PeriodElapsedCallback
 .text.Error_Handler
                0x08005678        0x2 Src\main.o
                0x08005678                Error_Handler
 *fill*         0x0800567a        0x2 
 .text.HAL_MspInit
                0x0800567c       0x44 Src\stm32f4xx_hal_msp.o
                0x0800567c                HAL_MspInit
 .text.HAL_I2C_MspInit
                0x080056c0       0x70 Src\stm32f4xx_hal_msp.o
                0x080056c0                HAL_I2C_MspInit
 .text.HAL_I2S_MspInit
                0x08005730       0x94 Src\stm32f4xx_hal_msp.o
                0x08005730                HAL_I2S_MspInit
 .text.HAL_SPI_MspInit
                0x080057c4       0x68 Src\stm32f4xx_hal_msp.o
                0x080057c4                HAL_SPI_MspInit
 .text.HAL_TIM_Base_MspInit
                0x0800582c       0x3c Src\stm32f4xx_hal_msp.o
                0x0800582c                HAL_TIM_Base_MspInit
 .text.HAL_UART_MspInit
                0x08005868       0x6c Src\stm32f4xx_hal_msp.o
                0x08005868                HAL_UART_MspInit
 .text.HAL_InitTick
                0x080058d4       0x7c Src\stm32f4xx_hal_timebase_tim.o
                0x080058d4                HAL_InitTick
 .text.NMI_Handler
                0x08005950        0x2 Src\stm32f4xx_it.o
                0x08005950                NMI_Handler
 .text.HardFault_Handler
                0x08005952        0x2 Src\stm32f4xx_it.o
                0x08005952                HardFault_Handler
 .text.MemManage_Handler
                0x08005954        0x2 Src\stm32f4xx_it.o
                0x08005954                MemManage_Handler
 .text.BusFault_Handler
                0x08005956        0x2 Src\stm32f4xx_it.o
                0x08005956                BusFault_Handler
 .text.UsageFault_Handler
                0x08005958        0x2 Src\stm32f4xx_it.o
                0x08005958                UsageFault_Handler
 .text.DebugMon_Handler
                0x0800595a        0x2 Src\stm32f4xx_it.o
                0x0800595a                DebugMon_Handler
 .text.TIM3_IRQHandler
                0x0800595c        0xc Src\stm32f4xx_it.o
                0x0800595c                TIM3_IRQHandler
 .text.TIM5_IRQHandler
                0x08005968        0xc Src\stm32f4xx_it.o
                0x08005968                TIM5_IRQHandler
 .text.OTG_FS_IRQHandler
                0x08005974        0xc Src\stm32f4xx_it.o
                0x08005974                OTG_FS_IRQHandler
 .text._sbrk    0x08005980       0x34 Src\syscalls.o
                0x08005980                _sbrk
 .text.SystemInit
                0x080059b4       0x1c Src\system_stm32f4xx.o
                0x080059b4                SystemInit
 .text.USBH_UserProcess
                0x080059d0       0x24 Src\usb_host.o
 .text.MX_USB_HOST_Init
                0x080059f4       0x40 Src\usb_host.o
                0x080059f4                MX_USB_HOST_Init
 .text.HAL_HCD_MspInit
                0x08005a34       0x90 Src\usbh_conf.o
                0x08005a34                HAL_HCD_MspInit
 .text.HAL_HCD_SOF_Callback
                0x08005ac4        0x8 Src\usbh_conf.o
                0x08005ac4                HAL_HCD_SOF_Callback
 .text.HAL_HCD_Connect_Callback
                0x08005acc        0x8 Src\usbh_conf.o
                0x08005acc                HAL_HCD_Connect_Callback
 .text.HAL_HCD_Disconnect_Callback
                0x08005ad4        0x8 Src\usbh_conf.o
                0x08005ad4                HAL_HCD_Disconnect_Callback
 .text.HAL_HCD_HC_NotifyURBChange_Callback
                0x08005adc        0x8 Src\usbh_conf.o
                0x08005adc                HAL_HCD_HC_NotifyURBChange_Callback
 .text.HAL_HCD_PortEnabled_Callback
                0x08005ae4        0x8 Src\usbh_conf.o
                0x08005ae4                HAL_HCD_PortEnabled_Callback
 .text.HAL_HCD_PortDisabled_Callback
                0x08005aec        0x8 Src\usbh_conf.o
                0x08005aec                HAL_HCD_PortDisabled_Callback
 .text.USBH_LL_Init
                0x08005af4       0x4c Src\usbh_conf.o
                0x08005af4                USBH_LL_Init
 .text.USBH_LL_Start
                0x08005b40       0x1c Src\usbh_conf.o
                0x08005b40                USBH_LL_Start
 .text.USBH_LL_Stop
                0x08005b5c       0x1c Src\usbh_conf.o
                0x08005b5c                USBH_LL_Stop
 .text.USBH_LL_GetSpeed
                0x08005b78       0x1c Src\usbh_conf.o
                0x08005b78                USBH_LL_GetSpeed
 .text.USBH_LL_ResetPort
                0x08005b94       0x1c Src\usbh_conf.o
                0x08005b94                USBH_LL_ResetPort
 .text.USBH_LL_GetLastXferSize
                0x08005bb0        0x8 Src\usbh_conf.o
                0x08005bb0                USBH_LL_GetLastXferSize
 .text.USBH_LL_OpenPipe
                0x08005bb8       0x30 Src\usbh_conf.o
                0x08005bb8                USBH_LL_OpenPipe
 .text.USBH_LL_ClosePipe
                0x08005be8       0x1c Src\usbh_conf.o
                0x08005be8                USBH_LL_ClosePipe
 .text.USBH_LL_SubmitURB
                0x08005c04       0x34 Src\usbh_conf.o
                0x08005c04                USBH_LL_SubmitURB
 .text.USBH_LL_GetURBState
                0x08005c38        0x8 Src\usbh_conf.o
                0x08005c38                USBH_LL_GetURBState
 .text.USBH_LL_DriverVBUS
                0x08005c40       0x1a Src\usbh_conf.o
                0x08005c40                USBH_LL_DriverVBUS
 .text.USBH_LL_SetToggle
                0x08005c5a       0x1e Src\usbh_conf.o
                0x08005c5a                USBH_LL_SetToggle
 .text.USBH_Delay
                0x08005c78        0x4 Src\usbh_conf.o
                0x08005c78                USBH_Delay
 .text.MX_DriverVbusFS
                0x08005c7c       0x14 Src\usbh_platform.o
                0x08005c7c                MX_DriverVbusFS
 .text.Reset_Handler
                0x08005c90       0x50 startup\startup_stm32f407xx.o
                0x08005c90                Reset_Handler
 .text.Default_Handler
                0x08005ce0        0x2 startup\startup_stm32f407xx.o
                0x08005ce0                RTC_Alarm_IRQHandler
                0x08005ce0                HASH_RNG_IRQHandler
                0x08005ce0                EXTI2_IRQHandler
                0x08005ce0                TIM8_CC_IRQHandler
                0x08005ce0                TIM1_CC_IRQHandler
                0x08005ce0                DMA2_Stream5_IRQHandler
                0x08005ce0                DMA1_Stream5_IRQHandler
                0x08005ce0                PVD_IRQHandler
                0x08005ce0                SDIO_IRQHandler
                0x08005ce0                TAMP_STAMP_IRQHandler
                0x08005ce0                CAN2_RX1_IRQHandler
                0x08005ce0                EXTI3_IRQHandler
                0x08005ce0                TIM8_TRG_COM_TIM14_IRQHandler
                0x08005ce0                TIM1_UP_TIM10_IRQHandler
                0x08005ce0                TIM8_UP_TIM13_IRQHandler
                0x08005ce0                I2C3_ER_IRQHandler
                0x08005ce0                EXTI0_IRQHandler
                0x08005ce0                I2C2_EV_IRQHandler
                0x08005ce0                DMA1_Stream2_IRQHandler
                0x08005ce0                CAN1_RX0_IRQHandler
                0x08005ce0                FPU_IRQHandler
                0x08005ce0                OTG_HS_WKUP_IRQHandler
                0x08005ce0                CAN2_SCE_IRQHandler
                0x08005ce0                DMA2_Stream2_IRQHandler
                0x08005ce0                SPI1_IRQHandler
                0x08005ce0                TIM6_DAC_IRQHandler
                0x08005ce0                TIM1_BRK_TIM9_IRQHandler
                0x08005ce0                DCMI_IRQHandler
                0x08005ce0                CAN2_RX0_IRQHandler
                0x08005ce0                DMA2_Stream3_IRQHandler
                0x08005ce0                USART6_IRQHandler
                0x08005ce0                USART3_IRQHandler
                0x08005ce0                CAN1_RX1_IRQHandler
                0x08005ce0                UART5_IRQHandler
                0x08005ce0                DMA2_Stream0_IRQHandler
                0x08005ce0                TIM4_IRQHandler
                0x08005ce0                I2C1_EV_IRQHandler
                0x08005ce0                DMA1_Stream6_IRQHandler
                0x08005ce0                DMA1_Stream1_IRQHandler
                0x08005ce0                UART4_IRQHandler
                0x08005ce0                RCC_IRQHandler
                0x08005ce0                TIM8_BRK_TIM12_IRQHandler
                0x08005ce0                Default_Handler
                0x08005ce0                EXTI15_10_IRQHandler
                0x08005ce0                ADC_IRQHandler
                0x08005ce0                DMA1_Stream7_IRQHandler
                0x08005ce0                TIM7_IRQHandler
                0x08005ce0                CAN2_TX_IRQHandler
                0x08005ce0                DMA2_Stream7_IRQHandler
                0x08005ce0                I2C3_EV_IRQHandler
                0x08005ce0                EXTI9_5_IRQHandler
                0x08005ce0                RTC_WKUP_IRQHandler
                0x08005ce0                ETH_WKUP_IRQHandler
                0x08005ce0                SPI2_IRQHandler
                0x08005ce0                OTG_HS_EP1_IN_IRQHandler
                0x08005ce0                DMA1_Stream0_IRQHandler
                0x08005ce0                CAN1_TX_IRQHandler
                0x08005ce0                EXTI4_IRQHandler
                0x08005ce0                FSMC_IRQHandler
                0x08005ce0                ETH_IRQHandler
                0x08005ce0                OTG_HS_EP1_OUT_IRQHandler
                0x08005ce0                WWDG_IRQHandler
                0x08005ce0                TIM2_IRQHandler
                0x08005ce0                OTG_FS_WKUP_IRQHandler
                0x08005ce0                TIM1_TRG_COM_TIM11_IRQHandler
                0x08005ce0                OTG_HS_IRQHandler
                0x08005ce0                EXTI1_IRQHandler
                0x08005ce0                USART2_IRQHandler
                0x08005ce0                I2C2_ER_IRQHandler
                0x08005ce0                DMA2_Stream1_IRQHandler
                0x08005ce0                CAN1_SCE_IRQHandler
                0x08005ce0                FLASH_IRQHandler
                0x08005ce0                DMA2_Stream4_IRQHandler
                0x08005ce0                USART1_IRQHandler
                0x08005ce0                SPI3_IRQHandler
                0x08005ce0                DMA1_Stream4_IRQHandler
                0x08005ce0                I2C1_ER_IRQHandler
                0x08005ce0                DMA2_Stream6_IRQHandler
                0x08005ce0                DMA1_Stream3_IRQHandler
 *fill*         0x08005ce2        0x2 
 .text.__errno  0x08005ce4        0xc c:/program files (x86)/atollic/truestudio for stm32 9.3.0/armtools/bin/../lib/gcc/arm-atollic-eabi/6.3.1/../../../../arm-atollic-eabi/lib/armv7e-m/fpu\libc_nano.a(lib_a-errno.o)
                0x08005ce4                __errno
 .text.__libc_init_array
                0x08005cf0       0x48 c:/program files (x86)/atollic/truestudio for stm32 9.3.0/armtools/bin/../lib/gcc/arm-atollic-eabi/6.3.1/../../../../arm-atollic-eabi/lib/armv7e-m/fpu\libc_nano.a(lib_a-init.o)
                0x08005cf0                __libc_init_array
 .text.malloc   0x08005d38       0x10 c:/program files (x86)/atollic/truestudio for stm32 9.3.0/armtools/bin/../lib/gcc/arm-atollic-eabi/6.3.1/../../../../arm-atollic-eabi/lib/armv7e-m/fpu\libc_nano.a(lib_a-malloc.o)
                0x08005d38                malloc
 .text.free     0x08005d48       0x10 c:/program files (x86)/atollic/truestudio for stm32 9.3.0/armtools/bin/../lib/gcc/arm-atollic-eabi/6.3.1/../../../../arm-atollic-eabi/lib/armv7e-m/fpu\libc_nano.a(lib_a-malloc.o)
                0x08005d48                free
 .text.memcpy   0x08005d58       0x16 c:/program files (x86)/atollic/truestudio for stm32 9.3.0/armtools/bin/../lib/gcc/arm-atollic-eabi/6.3.1/../../../../arm-atollic-eabi/lib/armv7e-m/fpu\libc_nano.a(lib_a-memcpy-stub.o)
                0x08005d58                memcpy
 .text.memset   0x08005d6e       0x10 c:/program files (x86)/atollic/truestudio for stm32 9.3.0/armtools/bin/../lib/gcc/arm-atollic-eabi/6.3.1/../../../../arm-atollic-eabi/lib/armv7e-m/fpu\libc_nano.a(lib_a-memset.o)
                0x08005d6e                memset
 *fill*         0x08005d7e        0x2 
 .text._free_r  0x08005d80       0x9c c:/program files (x86)/atollic/truestudio for stm32 9.3.0/armtools/bin/../lib/gcc/arm-atollic-eabi/6.3.1/../../../../arm-atollic-eabi/lib/armv7e-m/fpu\libc_nano.a(lib_a-nano-freer.o)
                0x08005d80                _free_r
 .text._malloc_r
                0x08005e1c       0xbc c:/program files (x86)/atollic/truestudio for stm32 9.3.0/armtools/bin/../lib/gcc/arm-atollic-eabi/6.3.1/../../../../arm-atollic-eabi/lib/armv7e-m/fpu\libc_nano.a(lib_a-nano-mallocr.o)
                0x08005e1c                _malloc_r
 .text._sbrk_r  0x08005ed8       0x20 c:/program files (x86)/atollic/truestudio for stm32 9.3.0/armtools/bin/../lib/gcc/arm-atollic-eabi/6.3.1/../../../../arm-atollic-eabi/lib/armv7e-m/fpu\libc_nano.a(lib_a-sbrkr.o)
                0x08005ed8                _sbrk_r
 .text.sprintf  0x08005ef8       0x48 c:/program files (x86)/atollic/truestudio for stm32 9.3.0/armtools/bin/../lib/gcc/arm-atollic-eabi/6.3.1/../../../../arm-atollic-eabi/lib/armv7e-m/fpu\libc_nano.a(lib_a-sprintf.o)
                0x08005ef8                siprintf
                0x08005ef8                sprintf
 .text.strcpy   0x08005f40       0x10 c:/program files (x86)/atollic/truestudio for stm32 9.3.0/armtools/bin/../lib/gcc/arm-atollic-eabi/6.3.1/../../../../arm-atollic-eabi/lib/armv7e-m/fpu\libc_nano.a(lib_a-strcpy.o)
                0x08005f40                strcpy
 .text.__malloc_lock
                0x08005f50        0x2 c:/program files (x86)/atollic/truestudio for stm32 9.3.0/armtools/bin/../lib/gcc/arm-atollic-eabi/6.3.1/../../../../arm-atollic-eabi/lib/armv7e-m/fpu\libc_nano.a(lib_a-mlock.o)
                0x08005f50                __malloc_lock
 .text.__malloc_unlock
                0x08005f52        0x2 c:/program files (x86)/atollic/truestudio for stm32 9.3.0/armtools/bin/../lib/gcc/arm-atollic-eabi/6.3.1/../../../../arm-atollic-eabi/lib/armv7e-m/fpu\libc_nano.a(lib_a-mlock.o)
                0x08005f52                __malloc_unlock
 .text.__ssputs_r
                0x08005f54       0xb6 c:/program files (x86)/atollic/truestudio for stm32 9.3.0/armtools/bin/../lib/gcc/arm-atollic-eabi/6.3.1/../../../../arm-atollic-eabi/lib/armv7e-m/fpu\libc_nano.a(lib_a-nano-svfprintf.o)
                0x08005f54                __ssputs_r
 *fill*         0x0800600a        0x2 
 .text._svfprintf_r
                0x0800600c      0x1e8 c:/program files (x86)/atollic/truestudio for stm32 9.3.0/armtools/bin/../lib/gcc/arm-atollic-eabi/6.3.1/../../../../arm-atollic-eabi/lib/armv7e-m/fpu\libc_nano.a(lib_a-nano-svfprintf.o)
                0x0800600c                _svfiprintf_r
                0x0800600c                _svfprintf_r
 .text._printf_common
                0x080061f4       0xec c:/program files (x86)/atollic/truestudio for stm32 9.3.0/armtools/bin/../lib/gcc/arm-atollic-eabi/6.3.1/../../../../arm-atollic-eabi/lib/armv7e-m/fpu\libc_nano.a(lib_a-nano-vfprintf_i.o)
                0x080061f4                _printf_common
 .text._printf_i
                0x080062e0      0x240 c:/program files (x86)/atollic/truestudio for stm32 9.3.0/armtools/bin/../lib/gcc/arm-atollic-eabi/6.3.1/../../../../arm-atollic-eabi/lib/armv7e-m/fpu\libc_nano.a(lib_a-nano-vfprintf_i.o)
                0x080062e0                _printf_i
 .text.memmove  0x08006520       0x34 c:/program files (x86)/atollic/truestudio for stm32 9.3.0/armtools/bin/../lib/gcc/arm-atollic-eabi/6.3.1/../../../../arm-atollic-eabi/lib/armv7e-m/fpu\libc_nano.a(lib_a-memmove.o)
                0x08006520                memmove
 .text._realloc_r
                0x08006554       0x4c c:/program files (x86)/atollic/truestudio for stm32 9.3.0/armtools/bin/../lib/gcc/arm-atollic-eabi/6.3.1/../../../../arm-atollic-eabi/lib/armv7e-m/fpu\libc_nano.a(lib_a-nano-reallocr.o)
                0x08006554                _realloc_r
 .text._malloc_usable_size_r
                0x080065a0       0x12 c:/program files (x86)/atollic/truestudio for stm32 9.3.0/armtools/bin/../lib/gcc/arm-atollic-eabi/6.3.1/../../../../arm-atollic-eabi/lib/armv7e-m/fpu\libc_nano.a(lib_a-nano-msizer.o)
                0x080065a0                _malloc_usable_size_r
 *(.glue_7)
 .glue_7        0x080065b2        0x0 linker stubs
 *(.glue_7t)
 .glue_7t       0x080065b2        0x0 linker stubs
 *(.eh_frame)
 *fill*         0x080065b2        0x2 
 .eh_frame      0x080065b4        0x0 c:/program files (x86)/atollic/truestudio for stm32 9.3.0/armtools/bin/../lib/gcc/arm-atollic-eabi/6.3.1/armv7e-m/fpu/crtbegin.o
 *(.init)
 .init          0x080065b4        0x4 c:/program files (x86)/atollic/truestudio for stm32 9.3.0/armtools/bin/../lib/gcc/arm-atollic-eabi/6.3.1/armv7e-m/fpu/crti.o
                0x080065b4                _init
 .init          0x080065b8        0x8 c:/program files (x86)/atollic/truestudio for stm32 9.3.0/armtools/bin/../lib/gcc/arm-atollic-eabi/6.3.1/armv7e-m/fpu/crtn.o
 *(.fini)
 .fini          0x080065c0        0x4 c:/program files (x86)/atollic/truestudio for stm32 9.3.0/armtools/bin/../lib/gcc/arm-atollic-eabi/6.3.1/armv7e-m/fpu/crti.o
                0x080065c0                _fini
 .fini          0x080065c4        0x8 c:/program files (x86)/atollic/truestudio for stm32 9.3.0/armtools/bin/../lib/gcc/arm-atollic-eabi/6.3.1/armv7e-m/fpu/crtn.o
                0x080065cc                . = ALIGN (0x4)
                0x080065cc                _etext = .

.vfp11_veneer   0x080065cc        0x0
 .vfp11_veneer  0x080065cc        0x0 linker stubs

.v4_bx          0x080065cc        0x0
 .v4_bx         0x080065cc        0x0 linker stubs

.iplt           0x080065cc        0x0
 .iplt          0x080065cc        0x0 c:/program files (x86)/atollic/truestudio for stm32 9.3.0/armtools/bin/../lib/gcc/arm-atollic-eabi/6.3.1/armv7e-m/fpu/crtbegin.o

.rodata         0x080065cc      0x118
                0x080065cc                . = ALIGN (0x4)
 *(.rodata)
 .rodata        0x080065cc       0x2c Middlewares\ST\STM32_USB_Host_Library\Core\Src\usbh_core.o
 .rodata        0x080065f8       0x38 Src\main.o
 *(.rodata*)
 .rodata.str1.1
                0x08006630        0x4 Middlewares\ST\STM32_USB_Host_Library\Class\CDC\Src\usbh_cdc.o
 .rodata.str1.1
                0x08006634        0xc Middlewares\ST\STM32_USB_Host_Library\Core\Src\usbh_core.o
 .rodata.vTaskStartScheduler.str1.1
                0x08006640        0x5 Middlewares\Third_Party\FreeRTOS\Source\tasks.o
 .rodata.StartTask02.str1.1
                0x08006645       0x29 Src\main.o
 .rodata.main.str1.1
                0x0800666e        0xe Src\main.o
 .rodata.str1.1
                0x0800667c       0x15 Src\main.o
 .rodata.AHBPrescTable
                0x08006691       0x10 Src\system_stm32f4xx.o
                0x08006691                AHBPrescTable
 .rodata.APBPrescTable
                0x080066a1        0x8 Src\system_stm32f4xx.o
                0x080066a1                APBPrescTable
 .rodata.CSWTCH.14
                0x080066a9        0x3 Src\usbh_conf.o
 .rodata.CSWTCH.22
                0x080066ac        0x4 Src\usbh_conf.o
 .rodata._svfprintf_r.str1.1
                0x080066b0       0x11 c:/program files (x86)/atollic/truestudio for stm32 9.3.0/armtools/bin/../lib/gcc/arm-atollic-eabi/6.3.1/../../../../arm-atollic-eabi/lib/armv7e-m/fpu\libc_nano.a(lib_a-nano-svfprintf.o)
 .rodata._printf_i.str1.1
                0x080066c1       0x22 c:/program files (x86)/atollic/truestudio for stm32 9.3.0/armtools/bin/../lib/gcc/arm-atollic-eabi/6.3.1/../../../../arm-atollic-eabi/lib/armv7e-m/fpu\libc_nano.a(lib_a-nano-vfprintf_i.o)
                0x080066e4                . = ALIGN (0x4)
 *fill*         0x080066e3        0x1 

.ARM.extab
 *(.ARM.extab* .gnu.linkonce.armextab.*)

.ARM            0x080066e4        0x8
                0x080066e4                __exidx_start = .
 *(.ARM.exidx*)
 .ARM.exidx     0x080066e4        0x8 c:/program files (x86)/atollic/truestudio for stm32 9.3.0/armtools/bin/../lib/gcc/arm-atollic-eabi/6.3.1/armv7e-m/fpu\libgcc.a(_udivmoddi4.o)
                0x080066ec                __exidx_end = .

.rel.dyn        0x080066ec        0x0
 .rel.iplt      0x080066ec        0x0 c:/program files (x86)/atollic/truestudio for stm32 9.3.0/armtools/bin/../lib/gcc/arm-atollic-eabi/6.3.1/armv7e-m/fpu/crtbegin.o

.preinit_array  0x080066ec        0x0
                0x080066ec                PROVIDE (__preinit_array_start, .)
 *(.preinit_array*)
                0x080066ec                PROVIDE (__preinit_array_end, .)

.init_array     0x080066ec        0x4
                0x080066ec                PROVIDE (__init_array_start, .)
 *(SORT(.init_array.*))
 *(.init_array*)
 .init_array    0x080066ec        0x4 c:/program files (x86)/atollic/truestudio for stm32 9.3.0/armtools/bin/../lib/gcc/arm-atollic-eabi/6.3.1/armv7e-m/fpu/crtbegin.o
                0x080066f0                PROVIDE (__init_array_end, .)

.fini_array     0x080066f0        0x4
                [!provide]                PROVIDE (__fini_array_start, .)
 *(SORT(.fini_array.*))
 *(.fini_array*)
 .fini_array    0x080066f0        0x4 c:/program files (x86)/atollic/truestudio for stm32 9.3.0/armtools/bin/../lib/gcc/arm-atollic-eabi/6.3.1/armv7e-m/fpu/crtbegin.o
                [!provide]                PROVIDE (__fini_array_end, .)
                0x080066f4                _sidata = LOADADDR (.data)

.data           0x20000000       0x94 load address 0x080066f4
                0x20000000                . = ALIGN (0x4)
                0x20000000                _sdata = .
 *(.data)
 *(.data*)
 .data.uwTickFreq
                0x20000000        0x1 Drivers\STM32F4xx_HAL_Driver\Src\stm32f4xx_hal.o
                0x20000000                uwTickFreq
 *fill*         0x20000001        0x3 
 .data.uwTickPrio
                0x20000004        0x4 Drivers\STM32F4xx_HAL_Driver\Src\stm32f4xx_hal.o
                0x20000004                uwTickPrio
 .data.CDC_Class
                0x20000008       0x20 Middlewares\ST\STM32_USB_Host_Library\Class\CDC\Src\usbh_cdc.o
                0x20000008                CDC_Class
 .data.uxCriticalNesting
                0x20000028        0x4 Middlewares\Third_Party\FreeRTOS\Source\portable\GCC\ARM_CM4F\port.o
 .data.SystemCoreClock
                0x2000002c        0x4 Src\system_stm32f4xx.o
                0x2000002c                SystemCoreClock
 .data._impure_ptr
                0x20000030        0x4 c:/program files (x86)/atollic/truestudio for stm32 9.3.0/armtools/bin/../lib/gcc/arm-atollic-eabi/6.3.1/../../../../arm-atollic-eabi/lib/armv7e-m/fpu\libc_nano.a(lib_a-impure.o)
                0x20000030                _impure_ptr
 .data.impure_data
                0x20000034       0x60 c:/program files (x86)/atollic/truestudio for stm32 9.3.0/armtools/bin/../lib/gcc/arm-atollic-eabi/6.3.1/../../../../arm-atollic-eabi/lib/armv7e-m/fpu\libc_nano.a(lib_a-impure.o)
                0x20000094                . = ALIGN (0x4)
                0x20000094                _edata = .
                0x08006788                _siccmram = LOADADDR (.ccmram)

.igot.plt       0x20000094        0x0 load address 0x08006788
 .igot.plt      0x20000094        0x0 c:/program files (x86)/atollic/truestudio for stm32 9.3.0/armtools/bin/../lib/gcc/arm-atollic-eabi/6.3.1/armv7e-m/fpu/crtbegin.o

.ccmram         0x10000000        0x0 load address 0x08006788
                0x10000000                . = ALIGN (0x4)
                0x10000000                _sccmram = .
 *(.ccmram)
 *(.ccmram*)
                0x10000000                . = ALIGN (0x4)
                0x10000000                _eccmram = .
                0x10000000                . = ALIGN (0x4)

.bss            0x20000094     0x2440
                0x20000094                _sbss = .
                0x20000094                __bss_start__ = _sbss
 *(.bss)
 .bss           0x20000094       0x1c c:/program files (x86)/atollic/truestudio for stm32 9.3.0/armtools/bin/../lib/gcc/arm-atollic-eabi/6.3.1/armv7e-m/fpu/crtbegin.o
 *(.bss*)
 .bss.tmpreg.8918
                0x200000b0        0x4 Drivers\STM32F4xx_HAL_Driver\Src\stm32f4xx_ll_usb.o
 .bss.ucMaxSysCallPriority
                0x200000b4        0x1 Middlewares\Third_Party\FreeRTOS\Source\portable\GCC\ARM_CM4F\port.o
 *fill*         0x200000b5        0x3 
 .bss.ulMaxPRIGROUPValue
                0x200000b8        0x4 Middlewares\Third_Party\FreeRTOS\Source\portable\GCC\ARM_CM4F\port.o
 .bss.pxEnd     0x200000bc        0x4 Middlewares\Third_Party\FreeRTOS\Source\portable\MemMang\heap_4.o
 .bss.ucHeap    0x200000c0     0x1800 Middlewares\Third_Party\FreeRTOS\Source\portable\MemMang\heap_4.o
 .bss.xBlockAllocatedBit
                0x200018c0        0x4 Middlewares\Third_Party\FreeRTOS\Source\portable\MemMang\heap_4.o
 .bss.xFreeBytesRemaining
                0x200018c4        0x4 Middlewares\Third_Party\FreeRTOS\Source\portable\MemMang\heap_4.o
 .bss.xMinimumEverFreeBytesRemaining
                0x200018c8        0x4 Middlewares\Third_Party\FreeRTOS\Source\portable\MemMang\heap_4.o
 .bss.xStart    0x200018cc        0x8 Middlewares\Third_Party\FreeRTOS\Source\portable\MemMang\heap_4.o
 .bss.pxCurrentTCB
                0x200018d4        0x4 Middlewares\Third_Party\FreeRTOS\Source\tasks.o
                0x200018d4                pxCurrentTCB
 .bss.pxDelayedTaskList
                0x200018d8        0x4 Middlewares\Third_Party\FreeRTOS\Source\tasks.o
 .bss.pxOverflowDelayedTaskList
                0x200018dc        0x4 Middlewares\Third_Party\FreeRTOS\Source\tasks.o
 .bss.pxReadyTasksLists
                0x200018e0       0x8c Middlewares\Third_Party\FreeRTOS\Source\tasks.o
 .bss.uxCurrentNumberOfTasks
                0x2000196c        0x4 Middlewares\Third_Party\FreeRTOS\Source\tasks.o
 .bss.uxDeletedTasksWaitingCleanUp
                0x20001970        0x4 Middlewares\Third_Party\FreeRTOS\Source\tasks.o
 .bss.uxPendedTicks
                0x20001974        0x4 Middlewares\Third_Party\FreeRTOS\Source\tasks.o
 .bss.uxSchedulerSuspended
                0x20001978        0x4 Middlewares\Third_Party\FreeRTOS\Source\tasks.o
 .bss.uxTaskNumber
                0x2000197c        0x4 Middlewares\Third_Party\FreeRTOS\Source\tasks.o
 .bss.uxTopReadyPriority
                0x20001980        0x4 Middlewares\Third_Party\FreeRTOS\Source\tasks.o
 .bss.xDelayedTaskList1
                0x20001984       0x14 Middlewares\Third_Party\FreeRTOS\Source\tasks.o
 .bss.xDelayedTaskList2
                0x20001998       0x14 Middlewares\Third_Party\FreeRTOS\Source\tasks.o
 .bss.xNextTaskUnblockTime
                0x200019ac        0x4 Middlewares\Third_Party\FreeRTOS\Source\tasks.o
 .bss.xNumOfOverflows
                0x200019b0        0x4 Middlewares\Third_Party\FreeRTOS\Source\tasks.o
 .bss.xPendingReadyList
                0x200019b4       0x14 Middlewares\Third_Party\FreeRTOS\Source\tasks.o
 .bss.xSchedulerRunning
                0x200019c8        0x4 Middlewares\Third_Party\FreeRTOS\Source\tasks.o
 .bss.xSuspendedTaskList
                0x200019cc       0x14 Middlewares\Third_Party\FreeRTOS\Source\tasks.o
 .bss.xTasksWaitingTermination
                0x200019e0       0x14 Middlewares\Third_Party\FreeRTOS\Source\tasks.o
 .bss.xTickCount
                0x200019f4        0x4 Middlewares\Third_Party\FreeRTOS\Source\tasks.o
 .bss.xYieldPending
                0x200019f8        0x4 Middlewares\Third_Party\FreeRTOS\Source\tasks.o
 .bss.xIdleStack
                0x200019fc      0x200 Src\freertos.o
 .bss.xIdleTaskTCBBuffer
                0x20001bfc       0x54 Src\freertos.o
 .bss.Presence  0x20001c50        0x1 Src\main.o
                0x20001c50                Presence
 *fill*         0x20001c51        0x3 
 .bss.heap_end.7010
                0x20001c54        0x4 Src\syscalls.o
 .bss.Appli_state
                0x20001c58        0x1 Src\usb_host.o
                0x20001c58                Appli_state
 *fill*         0x20001c59        0x3 
 .bss.__malloc_free_list
                0x20001c5c        0x4 c:/program files (x86)/atollic/truestudio for stm32 9.3.0/armtools/bin/../lib/gcc/arm-atollic-eabi/6.3.1/../../../../arm-atollic-eabi/lib/armv7e-m/fpu\libc_nano.a(lib_a-nano-mallocr.o)
                0x20001c5c                __malloc_free_list
 .bss.__malloc_sbrk_start
                0x20001c60        0x4 c:/program files (x86)/atollic/truestudio for stm32 9.3.0/armtools/bin/../lib/gcc/arm-atollic-eabi/6.3.1/../../../../arm-atollic-eabi/lib/armv7e-m/fpu\libc_nano.a(lib_a-nano-mallocr.o)
                0x20001c60                __malloc_sbrk_start
 *(COMMON)
 COMMON         0x20001c64        0x4 Drivers\STM32F4xx_HAL_Driver\Src\stm32f4xx_hal.o
                0x20001c64                uwTick
 COMMON         0x20001c68      0x18c Src\main.o
                0x20001c68                defaultTaskHandle
                0x20001c6c                huart3
                0x20001cac                hi2c1
                0x20001d00                Rh_byte1
                0x20001d02                RH
                0x20001d04                htim5
                0x20001d44                TEMP
                0x20001d46                Temp_byte1
                0x20001d48                myTask02Handle
                0x20001d4c                Rh_byte2
                0x20001d50                hspi1
                0x20001da8                SUM
                0x20001daa                Temp_byte2
                0x20001dac                hi2s3
 COMMON         0x20001df4       0x40 Src\stm32f4xx_hal_timebase_tim.o
                0x20001df4                htim3
 COMMON         0x20001e34      0x3d8 Src\usb_host.o
                0x20001e34                hUsbHostFS
 COMMON         0x2000220c      0x2c4 Src\usbh_conf.o
                0x2000220c                hhcd_USB_OTG_FS
 COMMON         0x200024d0        0x4 c:/program files (x86)/atollic/truestudio for stm32 9.3.0/armtools/bin/../lib/gcc/arm-atollic-eabi/6.3.1/../../../../arm-atollic-eabi/lib/armv7e-m/fpu\libc_nano.a(lib_a-reent.o)
                0x200024d0                errno
                0x200024d4                . = ALIGN (0x4)
                0x200024d4                _ebss = .
                0x200024d4                __bss_end__ = _ebss

._user_heap_stack
                0x200024d4      0x400
                0x200024d4                . = ALIGN (0x4)
                0x200024d4                PROVIDE (end, .)
                [!provide]                PROVIDE (_end, .)
                0x200024d4                . = (. + _Min_Heap_Size)
                0x200028d4                . = (. + _Min_Stack_Size)
 *fill*         0x200024d4      0x400 
                0x200028d4                . = ALIGN (0x4)

.memory_b1_text
 *(.mb1text)
 *(.mb1text*)
 *(.mb1rodata)
 *(.mb1rodata*)

/DISCARD/
 libc.a(*)
 libm.a(*)
 libgcc.a(*)

.ARM.attributes
                0x00000000       0x30
 *(.ARM.attributes)
 .ARM.attributes
                0x00000000       0x22 c:/program files (x86)/atollic/truestudio for stm32 9.3.0/armtools/bin/../lib/gcc/arm-atollic-eabi/6.3.1/armv7e-m/fpu/crti.o
 .ARM.attributes
                0x00000022       0x34 c:/program files (x86)/atollic/truestudio for stm32 9.3.0/armtools/bin/../lib/gcc/arm-atollic-eabi/6.3.1/armv7e-m/fpu/crtbegin.o
 .ARM.attributes
                0x00000056       0x39 Drivers\STM32F4xx_HAL_Driver\Src\stm32f4xx_hal.o
 .ARM.attributes
                0x0000008f       0x39 Drivers\STM32F4xx_HAL_Driver\Src\stm32f4xx_hal_cortex.o
 .ARM.attributes
                0x000000c8       0x39 Drivers\STM32F4xx_HAL_Driver\Src\stm32f4xx_hal_gpio.o
 .ARM.attributes
                0x00000101       0x39 Drivers\STM32F4xx_HAL_Driver\Src\stm32f4xx_hal_hcd.o
 .ARM.attributes
                0x0000013a       0x39 Drivers\STM32F4xx_HAL_Driver\Src\stm32f4xx_hal_i2c.o
 .ARM.attributes
                0x00000173       0x39 Drivers\STM32F4xx_HAL_Driver\Src\stm32f4xx_hal_i2s.o
 .ARM.attributes
                0x000001ac       0x39 Drivers\STM32F4xx_HAL_Driver\Src\stm32f4xx_hal_i2s_ex.o
 .ARM.attributes
                0x000001e5       0x39 Drivers\STM32F4xx_HAL_Driver\Src\stm32f4xx_hal_rcc.o
 .ARM.attributes
                0x0000021e       0x39 Drivers\STM32F4xx_HAL_Driver\Src\stm32f4xx_hal_rcc_ex.o
 .ARM.attributes
                0x00000257       0x39 Drivers\STM32F4xx_HAL_Driver\Src\stm32f4xx_hal_spi.o
 .ARM.attributes
                0x00000290       0x39 Drivers\STM32F4xx_HAL_Driver\Src\stm32f4xx_hal_tim.o
 .ARM.attributes
                0x000002c9       0x39 Drivers\STM32F4xx_HAL_Driver\Src\stm32f4xx_hal_tim_ex.o
 .ARM.attributes
                0x00000302       0x39 Drivers\STM32F4xx_HAL_Driver\Src\stm32f4xx_hal_uart.o
 .ARM.attributes
                0x0000033b       0x39 Drivers\STM32F4xx_HAL_Driver\Src\stm32f4xx_ll_usb.o
 .ARM.attributes
                0x00000374       0x39 Middlewares\ST\STM32_USB_Host_Library\Class\CDC\Src\usbh_cdc.o
 .ARM.attributes
                0x000003ad       0x39 Middlewares\ST\STM32_USB_Host_Library\Core\Src\usbh_core.o
 .ARM.attributes
                0x000003e6       0x39 Middlewares\ST\STM32_USB_Host_Library\Core\Src\usbh_ctlreq.o
 .ARM.attributes
                0x0000041f       0x39 Middlewares\ST\STM32_USB_Host_Library\Core\Src\usbh_ioreq.o
 .ARM.attributes
                0x00000458       0x39 Middlewares\ST\STM32_USB_Host_Library\Core\Src\usbh_pipes.o
 .ARM.attributes
                0x00000491       0x39 Middlewares\Third_Party\FreeRTOS\Source\CMSIS_RTOS\cmsis_os.o
 .ARM.attributes
                0x000004ca       0x39 Middlewares\Third_Party\FreeRTOS\Source\list.o
 .ARM.attributes
                0x00000503       0x39 Middlewares\Third_Party\FreeRTOS\Source\portable\GCC\ARM_CM4F\port.o
 .ARM.attributes
                0x0000053c       0x39 Middlewares\Third_Party\FreeRTOS\Source\portable\MemMang\heap_4.o
 .ARM.attributes
                0x00000575       0x39 Middlewares\Third_Party\FreeRTOS\Source\queue.o
 .ARM.attributes
                0x000005ae       0x39 Middlewares\Third_Party\FreeRTOS\Source\tasks.o
 .ARM.attributes
                0x000005e7       0x39 Src\freertos.o
 .ARM.attributes
                0x00000620       0x39 Src\main.o
 .ARM.attributes
                0x00000659       0x39 Src\stm32f4xx_hal_msp.o
 .ARM.attributes
                0x00000692       0x39 Src\stm32f4xx_hal_timebase_tim.o
 .ARM.attributes
                0x000006cb       0x39 Src\stm32f4xx_it.o
 .ARM.attributes
                0x00000704       0x39 Src\syscalls.o
 .ARM.attributes
                0x0000073d       0x39 Src\system_stm32f4xx.o
 .ARM.attributes
                0x00000776       0x39 Src\usb_host.o
 .ARM.attributes
                0x000007af       0x39 Src\usbh_conf.o
 .ARM.attributes
                0x000007e8       0x39 Src\usbh_platform.o
 .ARM.attributes
                0x00000821       0x21 startup\startup_stm32f407xx.o
 .ARM.attributes
                0x00000842       0x34 c:/program files (x86)/atollic/truestudio for stm32 9.3.0/armtools/bin/../lib/gcc/arm-atollic-eabi/6.3.1/../../../../arm-atollic-eabi/lib/armv7e-m/fpu\libc_nano.a(lib_a-errno.o)
 .ARM.attributes
                0x00000876       0x34 c:/program files (x86)/atollic/truestudio for stm32 9.3.0/armtools/bin/../lib/gcc/arm-atollic-eabi/6.3.1/../../../../arm-atollic-eabi/lib/armv7e-m/fpu\libc_nano.a(lib_a-impure.o)
 .ARM.attributes
                0x000008aa       0x34 c:/program files (x86)/atollic/truestudio for stm32 9.3.0/armtools/bin/../lib/gcc/arm-atollic-eabi/6.3.1/../../../../arm-atollic-eabi/lib/armv7e-m/fpu\libc_nano.a(lib_a-init.o)
 .ARM.attributes
                0x000008de       0x34 c:/program files (x86)/atollic/truestudio for stm32 9.3.0/armtools/bin/../lib/gcc/arm-atollic-eabi/6.3.1/../../../../arm-atollic-eabi/lib/armv7e-m/fpu\libc_nano.a(lib_a-malloc.o)
 .ARM.attributes
                0x00000912       0x34 c:/program files (x86)/atollic/truestudio for stm32 9.3.0/armtools/bin/../lib/gcc/arm-atollic-eabi/6.3.1/../../../../arm-atollic-eabi/lib/armv7e-m/fpu\libc_nano.a(lib_a-memcpy-stub.o)
 .ARM.attributes
                0x00000946       0x34 c:/program files (x86)/atollic/truestudio for stm32 9.3.0/armtools/bin/../lib/gcc/arm-atollic-eabi/6.3.1/../../../../arm-atollic-eabi/lib/armv7e-m/fpu\libc_nano.a(lib_a-memset.o)
 .ARM.attributes
                0x0000097a       0x34 c:/program files (x86)/atollic/truestudio for stm32 9.3.0/armtools/bin/../lib/gcc/arm-atollic-eabi/6.3.1/../../../../arm-atollic-eabi/lib/armv7e-m/fpu\libc_nano.a(lib_a-nano-freer.o)
 .ARM.attributes
                0x000009ae       0x34 c:/program files (x86)/atollic/truestudio for stm32 9.3.0/armtools/bin/../lib/gcc/arm-atollic-eabi/6.3.1/../../../../arm-atollic-eabi/lib/armv7e-m/fpu\libc_nano.a(lib_a-nano-mallocr.o)
 .ARM.attributes
                0x000009e2       0x34 c:/program files (x86)/atollic/truestudio for stm32 9.3.0/armtools/bin/../lib/gcc/arm-atollic-eabi/6.3.1/../../../../arm-atollic-eabi/lib/armv7e-m/fpu\libc_nano.a(lib_a-sbrkr.o)
 .ARM.attributes
                0x00000a16       0x34 c:/program files (x86)/atollic/truestudio for stm32 9.3.0/armtools/bin/../lib/gcc/arm-atollic-eabi/6.3.1/../../../../arm-atollic-eabi/lib/armv7e-m/fpu\libc_nano.a(lib_a-sprintf.o)
 .ARM.attributes
                0x00000a4a       0x34 c:/program files (x86)/atollic/truestudio for stm32 9.3.0/armtools/bin/../lib/gcc/arm-atollic-eabi/6.3.1/../../../../arm-atollic-eabi/lib/armv7e-m/fpu\libc_nano.a(lib_a-strcpy.o)
 .ARM.attributes
                0x00000a7e       0x1b c:/program files (x86)/atollic/truestudio for stm32 9.3.0/armtools/bin/../lib/gcc/arm-atollic-eabi/6.3.1/../../../../arm-atollic-eabi/lib/armv7e-m/fpu\libc_nano.a(lib_a-strlen.o)
 .ARM.attributes
                0x00000a99       0x34 c:/program files (x86)/atollic/truestudio for stm32 9.3.0/armtools/bin/../lib/gcc/arm-atollic-eabi/6.3.1/../../../../arm-atollic-eabi/lib/armv7e-m/fpu\libc_nano.a(lib_a-mlock.o)
 .ARM.attributes
                0x00000acd       0x34 c:/program files (x86)/atollic/truestudio for stm32 9.3.0/armtools/bin/../lib/gcc/arm-atollic-eabi/6.3.1/../../../../arm-atollic-eabi/lib/armv7e-m/fpu\libc_nano.a(lib_a-nano-svfprintf.o)
 .ARM.attributes
                0x00000b01       0x34 c:/program files (x86)/atollic/truestudio for stm32 9.3.0/armtools/bin/../lib/gcc/arm-atollic-eabi/6.3.1/../../../../arm-atollic-eabi/lib/armv7e-m/fpu\libc_nano.a(lib_a-nano-vfprintf_i.o)
 .ARM.attributes
                0x00000b35       0x34 c:/program files (x86)/atollic/truestudio for stm32 9.3.0/armtools/bin/../lib/gcc/arm-atollic-eabi/6.3.1/../../../../arm-atollic-eabi/lib/armv7e-m/fpu\libc_nano.a(lib_a-reent.o)
 .ARM.attributes
                0x00000b69       0x20 c:/program files (x86)/atollic/truestudio for stm32 9.3.0/armtools/bin/../lib/gcc/arm-atollic-eabi/6.3.1/../../../../arm-atollic-eabi/lib/armv7e-m/fpu\libc_nano.a(lib_a-memchr.o)
 .ARM.attributes
                0x00000b89       0x34 c:/program files (x86)/atollic/truestudio for stm32 9.3.0/armtools/bin/../lib/gcc/arm-atollic-eabi/6.3.1/../../../../arm-atollic-eabi/lib/armv7e-m/fpu\libc_nano.a(lib_a-memmove.o)
 .ARM.attributes
                0x00000bbd       0x34 c:/program files (x86)/atollic/truestudio for stm32 9.3.0/armtools/bin/../lib/gcc/arm-atollic-eabi/6.3.1/../../../../arm-atollic-eabi/lib/armv7e-m/fpu\libc_nano.a(lib_a-nano-reallocr.o)
 .ARM.attributes
                0x00000bf1       0x34 c:/program files (x86)/atollic/truestudio for stm32 9.3.0/armtools/bin/../lib/gcc/arm-atollic-eabi/6.3.1/../../../../arm-atollic-eabi/lib/armv7e-m/fpu\libc_nano.a(lib_a-nano-msizer.o)
 .ARM.attributes
                0x00000c25       0x22 c:/program files (x86)/atollic/truestudio for stm32 9.3.0/armtools/bin/../lib/gcc/arm-atollic-eabi/6.3.1/armv7e-m/fpu\libgcc.a(_aeabi_uldivmod.o)
 .ARM.attributes
                0x00000c47       0x34 c:/program files (x86)/atollic/truestudio for stm32 9.3.0/armtools/bin/../lib/gcc/arm-atollic-eabi/6.3.1/armv7e-m/fpu\libgcc.a(_udivmoddi4.o)
 .ARM.attributes
                0x00000c7b       0x22 c:/program files (x86)/atollic/truestudio for stm32 9.3.0/armtools/bin/../lib/gcc/arm-atollic-eabi/6.3.1/armv7e-m/fpu\libgcc.a(_dvmd_tls.o)
 .ARM.attributes
                0x00000c9d       0x22 c:/program files (x86)/atollic/truestudio for stm32 9.3.0/armtools/bin/../lib/gcc/arm-atollic-eabi/6.3.1/armv7e-m/fpu/crtn.o
OUTPUT(dht11_f4dis_rtos.elf elf32-littlearm)

.debug_info     0x00000000    0x2fee3
 .debug_info    0x00000000      0xa14 Drivers\STM32F4xx_HAL_Driver\Src\stm32f4xx_hal.o
 .debug_info    0x00000a14      0xf8a Drivers\STM32F4xx_HAL_Driver\Src\stm32f4xx_hal_cortex.o
 .debug_info    0x0000199e      0x7c6 Drivers\STM32F4xx_HAL_Driver\Src\stm32f4xx_hal_gpio.o
 .debug_info    0x00002164     0x12c4 Drivers\STM32F4xx_HAL_Driver\Src\stm32f4xx_hal_hcd.o
 .debug_info    0x00003428     0x3412 Drivers\STM32F4xx_HAL_Driver\Src\stm32f4xx_hal_i2c.o
 .debug_info    0x0000683a      0xfb3 Drivers\STM32F4xx_HAL_Driver\Src\stm32f4xx_hal_i2s.o
 .debug_info    0x000077ed      0xddc Drivers\STM32F4xx_HAL_Driver\Src\stm32f4xx_hal_i2s_ex.o
 .debug_info    0x000085c9      0xaad Drivers\STM32F4xx_HAL_Driver\Src\stm32f4xx_hal_rcc.o
 .debug_info    0x00009076      0x6b4 Drivers\STM32F4xx_HAL_Driver\Src\stm32f4xx_hal_rcc_ex.o
 .debug_info    0x0000972a     0x1deb Drivers\STM32F4xx_HAL_Driver\Src\stm32f4xx_hal_spi.o
 .debug_info    0x0000b515     0x3521 Drivers\STM32F4xx_HAL_Driver\Src\stm32f4xx_hal_tim.o
 .debug_info    0x0000ea36     0x134f Drivers\STM32F4xx_HAL_Driver\Src\stm32f4xx_hal_tim_ex.o
 .debug_info    0x0000fd85     0x16b0 Drivers\STM32F4xx_HAL_Driver\Src\stm32f4xx_hal_uart.o
 .debug_info    0x00011435     0x1ba6 Drivers\STM32F4xx_HAL_Driver\Src\stm32f4xx_ll_usb.o
 .debug_info    0x00012fdb     0x202b Middlewares\ST\STM32_USB_Host_Library\Class\CDC\Src\usbh_cdc.o
 .debug_info    0x00015006     0x227b Middlewares\ST\STM32_USB_Host_Library\Core\Src\usbh_core.o
 .debug_info    0x00017281     0x1c10 Middlewares\ST\STM32_USB_Host_Library\Core\Src\usbh_ctlreq.o
 .debug_info    0x00018e91     0x173f Middlewares\ST\STM32_USB_Host_Library\Core\Src\usbh_ioreq.o
 .debug_info    0x0001a5d0     0x13a1 Middlewares\ST\STM32_USB_Host_Library\Core\Src\usbh_pipes.o
 .debug_info    0x0001b971     0x293d Middlewares\Third_Party\FreeRTOS\Source\CMSIS_RTOS\cmsis_os.o
 .debug_info    0x0001e2ae      0xac5 Middlewares\Third_Party\FreeRTOS\Source\list.o
 .debug_info    0x0001ed73      0x572 Middlewares\Third_Party\FreeRTOS\Source\portable\GCC\ARM_CM4F\port.o
 .debug_info    0x0001f2e5      0xca5 Middlewares\Third_Party\FreeRTOS\Source\portable\MemMang\heap_4.o
 .debug_info    0x0001ff8a     0x2848 Middlewares\Third_Party\FreeRTOS\Source\queue.o
 .debug_info    0x000227d2     0x2e2d Middlewares\Third_Party\FreeRTOS\Source\tasks.o
 .debug_info    0x000255ff      0x343 Src\freertos.o
 .debug_info    0x00025942     0x2469 Src\main.o
 .debug_info    0x00027dab     0x18ae Src\stm32f4xx_hal_msp.o
 .debug_info    0x00029659      0xbf1 Src\stm32f4xx_hal_timebase_tim.o
 .debug_info    0x0002a24a      0xb96 Src\stm32f4xx_it.o
 .debug_info    0x0002ade0      0xfe1 Src\syscalls.o
 .debug_info    0x0002bdc1      0x55b Src\system_stm32f4xx.o
 .debug_info    0x0002c31c     0x130d Src\usb_host.o
 .debug_info    0x0002d629     0x2584 Src\usbh_conf.o
 .debug_info    0x0002fbad      0x2a4 Src\usbh_platform.o
 .debug_info    0x0002fe51       0x92 startup\startup_stm32f407xx.o

.debug_abbrev   0x00000000     0x62a8
 .debug_abbrev  0x00000000      0x239 Drivers\STM32F4xx_HAL_Driver\Src\stm32f4xx_hal.o
 .debug_abbrev  0x00000239      0x314 Drivers\STM32F4xx_HAL_Driver\Src\stm32f4xx_hal_cortex.o
 .debug_abbrev  0x0000054d      0x1ef Drivers\STM32F4xx_HAL_Driver\Src\stm32f4xx_hal_gpio.o
 .debug_abbrev  0x0000073c      0x319 Drivers\STM32F4xx_HAL_Driver\Src\stm32f4xx_hal_hcd.o
 .debug_abbrev  0x00000a55      0x38a Drivers\STM32F4xx_HAL_Driver\Src\stm32f4xx_hal_i2c.o
 .debug_abbrev  0x00000ddf      0x2a0 Drivers\STM32F4xx_HAL_Driver\Src\stm32f4xx_hal_i2s.o
 .debug_abbrev  0x0000107f      0x301 Drivers\STM32F4xx_HAL_Driver\Src\stm32f4xx_hal_i2s_ex.o
 .debug_abbrev  0x00001380      0x2cb Drivers\STM32F4xx_HAL_Driver\Src\stm32f4xx_hal_rcc.o
 .debug_abbrev  0x0000164b      0x172 Drivers\STM32F4xx_HAL_Driver\Src\stm32f4xx_hal_rcc_ex.o
 .debug_abbrev  0x000017bd      0x335 Drivers\STM32F4xx_HAL_Driver\Src\stm32f4xx_hal_spi.o
 .debug_abbrev  0x00001af2      0x324 Drivers\STM32F4xx_HAL_Driver\Src\stm32f4xx_hal_tim.o
 .debug_abbrev  0x00001e16      0x29c Drivers\STM32F4xx_HAL_Driver\Src\stm32f4xx_hal_tim_ex.o
 .debug_abbrev  0x000020b2      0x313 Drivers\STM32F4xx_HAL_Driver\Src\stm32f4xx_hal_uart.o
 .debug_abbrev  0x000023c5      0x33b Drivers\STM32F4xx_HAL_Driver\Src\stm32f4xx_ll_usb.o
 .debug_abbrev  0x00002700      0x3cc Middlewares\ST\STM32_USB_Host_Library\Class\CDC\Src\usbh_cdc.o
 .debug_abbrev  0x00002acc      0x489 Middlewares\ST\STM32_USB_Host_Library\Core\Src\usbh_core.o
 .debug_abbrev  0x00002f55      0x3de Middlewares\ST\STM32_USB_Host_Library\Core\Src\usbh_ctlreq.o
 .debug_abbrev  0x00003333      0x280 Middlewares\ST\STM32_USB_Host_Library\Core\Src\usbh_ioreq.o
 .debug_abbrev  0x000035b3      0x2d5 Middlewares\ST\STM32_USB_Host_Library\Core\Src\usbh_pipes.o
 .debug_abbrev  0x00003888      0x457 Middlewares\Third_Party\FreeRTOS\Source\CMSIS_RTOS\cmsis_os.o
 .debug_abbrev  0x00003cdf      0x1ea Middlewares\Third_Party\FreeRTOS\Source\list.o
 .debug_abbrev  0x00003ec9      0x23a Middlewares\Third_Party\FreeRTOS\Source\portable\GCC\ARM_CM4F\port.o
 .debug_abbrev  0x00004103      0x314 Middlewares\Third_Party\FreeRTOS\Source\portable\MemMang\heap_4.o
 .debug_abbrev  0x00004417      0x404 Middlewares\Third_Party\FreeRTOS\Source\queue.o
 .debug_abbrev  0x0000481b      0x42a Middlewares\Third_Party\FreeRTOS\Source\tasks.o
 .debug_abbrev  0x00004c45      0x104 Src\freertos.o
 .debug_abbrev  0x00004d49      0x396 Src\main.o
 .debug_abbrev  0x000050df      0x220 Src\stm32f4xx_hal_msp.o
 .debug_abbrev  0x000052ff      0x1e7 Src\stm32f4xx_hal_timebase_tim.o
 .debug_abbrev  0x000054e6      0x1fc Src\stm32f4xx_it.o
 .debug_abbrev  0x000056e2      0x2d9 Src\syscalls.o
 .debug_abbrev  0x000059bb      0x126 Src\system_stm32f4xx.o
 .debug_abbrev  0x00005ae1      0x2a6 Src\usb_host.o
 .debug_abbrev  0x00005d87      0x3e3 Src\usbh_conf.o
 .debug_abbrev  0x0000616a      0x12c Src\usbh_platform.o
 .debug_abbrev  0x00006296       0x12 startup\startup_stm32f407xx.o

.debug_loc      0x00000000    0x14b53
 .debug_loc     0x00000000      0x12e Drivers\STM32F4xx_HAL_Driver\Src\stm32f4xx_hal.o
 .debug_loc     0x0000012e      0x4fb Drivers\STM32F4xx_HAL_Driver\Src\stm32f4xx_hal_cortex.o
 .debug_loc     0x00000629      0x357 Drivers\STM32F4xx_HAL_Driver\Src\stm32f4xx_hal_gpio.o
 .debug_loc     0x00000980      0x9c1 Drivers\STM32F4xx_HAL_Driver\Src\stm32f4xx_hal_hcd.o
 .debug_loc     0x00001341     0x3009 Drivers\STM32F4xx_HAL_Driver\Src\stm32f4xx_hal_i2c.o
 .debug_loc     0x0000434a      0x9bf Drivers\STM32F4xx_HAL_Driver\Src\stm32f4xx_hal_i2s.o
 .debug_loc     0x00004d09      0x745 Drivers\STM32F4xx_HAL_Driver\Src\stm32f4xx_hal_i2s_ex.o
 .debug_loc     0x0000544e      0x346 Drivers\STM32F4xx_HAL_Driver\Src\stm32f4xx_hal_rcc.o
 .debug_loc     0x00005794      0x2cf Drivers\STM32F4xx_HAL_Driver\Src\stm32f4xx_hal_rcc_ex.o
 .debug_loc     0x00005a63     0x1830 Drivers\STM32F4xx_HAL_Driver\Src\stm32f4xx_hal_spi.o
 .debug_loc     0x00007293     0x3009 Drivers\STM32F4xx_HAL_Driver\Src\stm32f4xx_hal_tim.o
 .debug_loc     0x0000a29c      0xa7c Drivers\STM32F4xx_HAL_Driver\Src\stm32f4xx_hal_tim_ex.o
 .debug_loc     0x0000ad18     0x1350 Drivers\STM32F4xx_HAL_Driver\Src\stm32f4xx_hal_uart.o
 .debug_loc     0x0000c068     0x1b55 Drivers\STM32F4xx_HAL_Driver\Src\stm32f4xx_ll_usb.o
 .debug_loc     0x0000dbbd      0x838 Middlewares\ST\STM32_USB_Host_Library\Class\CDC\Src\usbh_cdc.o
 .debug_loc     0x0000e3f5      0x834 Middlewares\ST\STM32_USB_Host_Library\Core\Src\usbh_core.o
 .debug_loc     0x0000ec29      0xbd0 Middlewares\ST\STM32_USB_Host_Library\Core\Src\usbh_ctlreq.o
 .debug_loc     0x0000f7f9      0x57d Middlewares\ST\STM32_USB_Host_Library\Core\Src\usbh_ioreq.o
 .debug_loc     0x0000fd76      0x196 Middlewares\ST\STM32_USB_Host_Library\Core\Src\usbh_pipes.o
 .debug_loc     0x0000ff0c     0x101b Middlewares\Third_Party\FreeRTOS\Source\CMSIS_RTOS\cmsis_os.o
 .debug_loc     0x00010f27       0x94 Middlewares\Third_Party\FreeRTOS\Source\list.o
 .debug_loc     0x00010fbb       0xcf Middlewares\Third_Party\FreeRTOS\Source\portable\GCC\ARM_CM4F\port.o
 .debug_loc     0x0001108a      0x390 Middlewares\Third_Party\FreeRTOS\Source\portable\MemMang\heap_4.o
 .debug_loc     0x0001141a     0x11de Middlewares\Third_Party\FreeRTOS\Source\queue.o
 .debug_loc     0x000125f8     0x146e Middlewares\Third_Party\FreeRTOS\Source\tasks.o
 .debug_loc     0x00013a66      0x14d Src\main.o
 .debug_loc     0x00013bb3      0x1ad Src\stm32f4xx_hal_msp.o
 .debug_loc     0x00013d60       0xa5 Src\stm32f4xx_hal_timebase_tim.o
 .debug_loc     0x00013e05      0x3ef Src\syscalls.o
 .debug_loc     0x000141f4      0x11c Src\system_stm32f4xx.o
 .debug_loc     0x00014310      0x7f7 Src\usbh_conf.o
 .debug_loc     0x00014b07       0x4c Src\usbh_platform.o

.debug_aranges  0x00000000     0x1948
 .debug_aranges
                0x00000000       0xe8 Drivers\STM32F4xx_HAL_Driver\Src\stm32f4xx_hal.o
 .debug_aranges
                0x000000e8       0xa8 Drivers\STM32F4xx_HAL_Driver\Src\stm32f4xx_hal_cortex.o
 .debug_aranges
                0x00000190       0x58 Drivers\STM32F4xx_HAL_Driver\Src\stm32f4xx_hal_gpio.o
 .debug_aranges
                0x000001e8       0xa0 Drivers\STM32F4xx_HAL_Driver\Src\stm32f4xx_hal_hcd.o
 .debug_aranges
                0x00000288      0x1b8 Drivers\STM32F4xx_HAL_Driver\Src\stm32f4xx_hal_i2c.o
 .debug_aranges
                0x00000440       0xc8 Drivers\STM32F4xx_HAL_Driver\Src\stm32f4xx_hal_i2s.o
 .debug_aranges
                0x00000508       0x60 Drivers\STM32F4xx_HAL_Driver\Src\stm32f4xx_hal_i2s_ex.o
 .debug_aranges
                0x00000568       0x88 Drivers\STM32F4xx_HAL_Driver\Src\stm32f4xx_hal_rcc.o
 .debug_aranges
                0x000005f0       0x48 Drivers\STM32F4xx_HAL_Driver\Src\stm32f4xx_hal_rcc_ex.o
 .debug_aranges
                0x00000638      0x188 Drivers\STM32F4xx_HAL_Driver\Src\stm32f4xx_hal_spi.o
 .debug_aranges
                0x000007c0      0x278 Drivers\STM32F4xx_HAL_Driver\Src\stm32f4xx_hal_tim.o
 .debug_aranges
                0x00000a38       0xf8 Drivers\STM32F4xx_HAL_Driver\Src\stm32f4xx_hal_tim_ex.o
 .debug_aranges
                0x00000b30      0x170 Drivers\STM32F4xx_HAL_Driver\Src\stm32f4xx_hal_uart.o
 .debug_aranges
                0x00000ca0      0x198 Drivers\STM32F4xx_HAL_Driver\Src\stm32f4xx_ll_usb.o
 .debug_aranges
                0x00000e38       0x78 Middlewares\ST\STM32_USB_Host_Library\Class\CDC\Src\usbh_cdc.o
 .debug_aranges
                0x00000eb0       0xc0 Middlewares\ST\STM32_USB_Host_Library\Core\Src\usbh_core.o
 .debug_aranges
                0x00000f70       0x70 Middlewares\ST\STM32_USB_Host_Library\Core\Src\usbh_ctlreq.o
 .debug_aranges
                0x00000fe0       0x60 Middlewares\ST\STM32_USB_Host_Library\Core\Src\usbh_ioreq.o
 .debug_aranges
                0x00001040       0x38 Middlewares\ST\STM32_USB_Host_Library\Core\Src\usbh_pipes.o
 .debug_aranges
                0x00001078      0x190 Middlewares\Third_Party\FreeRTOS\Source\CMSIS_RTOS\cmsis_os.o
 .debug_aranges
                0x00001208       0x40 Middlewares\Third_Party\FreeRTOS\Source\list.o
 .debug_aranges
                0x00001248       0x80 Middlewares\Third_Party\FreeRTOS\Source\portable\GCC\ARM_CM4F\port.o
 .debug_aranges
                0x000012c8       0x48 Middlewares\Third_Party\FreeRTOS\Source\portable\MemMang\heap_4.o
 .debug_aranges
                0x00001310       0xf0 Middlewares\Third_Party\FreeRTOS\Source\queue.o
 .debug_aranges
                0x00001400      0x198 Middlewares\Third_Party\FreeRTOS\Source\tasks.o
 .debug_aranges
                0x00001598       0x20 Src\freertos.o
 .debug_aranges
                0x000015b8       0x78 Src\main.o
 .debug_aranges
                0x00001630       0x70 Src\stm32f4xx_hal_msp.o
 .debug_aranges
                0x000016a0       0x30 Src\stm32f4xx_hal_timebase_tim.o
 .debug_aranges
                0x000016d0       0x58 Src\stm32f4xx_it.o
 .debug_aranges
                0x00001728       0xb0 Src\syscalls.o
 .debug_aranges
                0x000017d8       0x28 Src\system_stm32f4xx.o
 .debug_aranges
                0x00001800       0x28 Src\usb_host.o
 .debug_aranges
                0x00001828       0xd8 Src\usbh_conf.o
 .debug_aranges
                0x00001900       0x20 Src\usbh_platform.o
 .debug_aranges
                0x00001920       0x28 startup\startup_stm32f407xx.o

.debug_ranges   0x00000000     0x2128
 .debug_ranges  0x00000000       0xd8 Drivers\STM32F4xx_HAL_Driver\Src\stm32f4xx_hal.o
 .debug_ranges  0x000000d8      0x128 Drivers\STM32F4xx_HAL_Driver\Src\stm32f4xx_hal_cortex.o
 .debug_ranges  0x00000200       0x68 Drivers\STM32F4xx_HAL_Driver\Src\stm32f4xx_hal_gpio.o
 .debug_ranges  0x00000268       0xf8 Drivers\STM32F4xx_HAL_Driver\Src\stm32f4xx_hal_hcd.o
 .debug_ranges  0x00000360      0x3c0 Drivers\STM32F4xx_HAL_Driver\Src\stm32f4xx_hal_i2c.o
 .debug_ranges  0x00000720       0xb8 Drivers\STM32F4xx_HAL_Driver\Src\stm32f4xx_hal_i2s.o
 .debug_ranges  0x000007d8       0x50 Drivers\STM32F4xx_HAL_Driver\Src\stm32f4xx_hal_i2s_ex.o
 .debug_ranges  0x00000828       0xb0 Drivers\STM32F4xx_HAL_Driver\Src\stm32f4xx_hal_rcc.o
 .debug_ranges  0x000008d8       0x50 Drivers\STM32F4xx_HAL_Driver\Src\stm32f4xx_hal_rcc_ex.o
 .debug_ranges  0x00000928      0x238 Drivers\STM32F4xx_HAL_Driver\Src\stm32f4xx_hal_spi.o
 .debug_ranges  0x00000b60      0x340 Drivers\STM32F4xx_HAL_Driver\Src\stm32f4xx_hal_tim.o
 .debug_ranges  0x00000ea0       0xe8 Drivers\STM32F4xx_HAL_Driver\Src\stm32f4xx_hal_tim_ex.o
 .debug_ranges  0x00000f88      0x178 Drivers\STM32F4xx_HAL_Driver\Src\stm32f4xx_hal_uart.o
 .debug_ranges  0x00001100      0x1a0 Drivers\STM32F4xx_HAL_Driver\Src\stm32f4xx_ll_usb.o
 .debug_ranges  0x000012a0       0xc8 Middlewares\ST\STM32_USB_Host_Library\Class\CDC\Src\usbh_cdc.o
 .debug_ranges  0x00001368       0xd0 Middlewares\ST\STM32_USB_Host_Library\Core\Src\usbh_core.o