stm32f4xx_hal_msp.c:64:6:HAL_MspInit	16	static
stm32f4xx_hal_msp.c:88:6:HAL_I2C_MspInit	48	static
stm32f4xx_hal_msp.c:124:6:HAL_I2C_MspDeInit	0	static
stm32f4xx_hal_msp.c:153:6:HAL_I2S_MspInit	48	static
stm32f4xx_hal_msp.c:199:6:HAL_I2S_MspDeInit	8	static
stm32f4xx_hal_msp.c:232:6:HAL_SPI_MspInit	40	static
stm32f4xx_hal_msp.c:269:6:HAL_SPI_MspDeInit	0	static
stm32f4xx_hal_msp.c:299:6:HAL_TIM_Base_MspInit	16	static
stm32f4xx_hal_msp.c:324:6:HAL_TIM_Base_MspDeInit	0	static
stm32f4xx_hal_msp.c:349:6:HAL_UART_MspInit	40	static
stm32f4xx_hal_msp.c:385:6:HAL_UART_MspDeInit	0	static
